Component: ARM Compiler 5.06 update 7 (build 960) Tool: armlink [4d3601]

==============================================================================

Section Cross References

    startup_stm32f103xb.o(RESET) refers to startup_stm32f103xb.o(STACK) for __initial_sp
    startup_stm32f103xb.o(RESET) refers to startup_stm32f103xb.o(.text) for Reset_Handler
    startup_stm32f103xb.o(RESET) refers to stm32f1xx_it.o(i.NMI_Handler) for NMI_Handler
    startup_stm32f103xb.o(RESET) refers to stm32f1xx_it.o(i.HardFault_Handler) for HardFault_Handler
    startup_stm32f103xb.o(RESET) refers to stm32f1xx_it.o(i.MemManage_Handler) for MemManage_Handler
    startup_stm32f103xb.o(RESET) refers to stm32f1xx_it.o(i.BusFault_Handler) for BusFault_Handler
    startup_stm32f103xb.o(RESET) refers to stm32f1xx_it.o(i.UsageFault_Handler) for UsageFault_Handler
    startup_stm32f103xb.o(RESET) refers to stm32f1xx_it.o(i.SVC_Handler) for SVC_Handler
    startup_stm32f103xb.o(RESET) refers to stm32f1xx_it.o(i.DebugMon_Handler) for DebugMon_Handler
    startup_stm32f103xb.o(RESET) refers to stm32f1xx_it.o(i.PendSV_Handler) for PendSV_Handler
    startup_stm32f103xb.o(RESET) refers to stm32f1xx_it.o(i.SysTick_Handler) for SysTick_Handler
    startup_stm32f103xb.o(RESET) refers to stm32f1xx_it.o(i.DMA1_Channel1_IRQHandler) for DMA1_Channel1_IRQHandler
    startup_stm32f103xb.o(RESET) refers to stm32f1xx_it.o(i.USB_LP_CAN1_RX0_IRQHandler) for USB_LP_CAN1_RX0_IRQHandler
    startup_stm32f103xb.o(RESET) refers to stm32f1xx_it.o(i.TIM1_UP_IRQHandler) for TIM1_UP_IRQHandler
    startup_stm32f103xb.o(RESET) refers to stm32f1xx_it.o(i.USART1_IRQHandler) for USART1_IRQHandler
    startup_stm32f103xb.o(.text) refers to system_stm32f1xx.o(i.SystemInit) for SystemInit
    startup_stm32f103xb.o(.text) refers to entry.o(.ARM.Collect$$$$00000000) for __main
    main.o(i.HAL_TIM_PeriodElapsedCallback) refers to ffltui.o(.text) for __aeabi_ui2f
    main.o(i.HAL_TIM_PeriodElapsedCallback) refers to cfrcmple.o(.text) for __aeabi_cfrcmple
    main.o(i.HAL_TIM_PeriodElapsedCallback) refers to stm32f1xx_hal_gpio.o(i.HAL_GPIO_WritePin) for HAL_GPIO_WritePin
    main.o(i.HAL_TIM_PeriodElapsedCallback) refers to main.o(.bss) for .bss
    main.o(i.HAL_TIM_PeriodElapsedCallback) refers to main.o(.data) for .data
    main.o(i.HAL_UART_RxCpltCallback) refers to fadd.o(.text) for __aeabi_fadd
    main.o(i.HAL_UART_RxCpltCallback) refers to f2d.o(.text) for __aeabi_f2d
    main.o(i.HAL_UART_RxCpltCallback) refers to d2f.o(.text) for __aeabi_d2f
    main.o(i.HAL_UART_RxCpltCallback) refers to dadd.o(.text) for __aeabi_dsub
    main.o(i.HAL_UART_RxCpltCallback) refers to main.o(.bss) for .bss
    main.o(i.HAL_UART_RxCpltCallback) refers to main.o(.data) for .data
    main.o(i.HAL_UART_RxCpltCallback) refers to pid.o(.data) for pidOut
    main.o(i.MX_ADC1_Init) refers to stm32f1xx_hal_adc.o(i.HAL_ADC_Init) for HAL_ADC_Init
    main.o(i.MX_ADC1_Init) refers to stm32f1xx_hal_adc.o(i.HAL_ADC_ConfigChannel) for HAL_ADC_ConfigChannel
    main.o(i.MX_ADC1_Init) refers to main.o(.bss) for .bss
    main.o(i.MX_GPIO_Init) refers to stm32f1xx_hal_gpio.o(i.HAL_GPIO_WritePin) for HAL_GPIO_WritePin
    main.o(i.MX_GPIO_Init) refers to stm32f1xx_hal_gpio.o(i.HAL_GPIO_Init) for HAL_GPIO_Init
    main.o(i.MX_TIM1_Init) refers to stm32f1xx_hal_tim.o(i.HAL_TIM_Base_Init) for HAL_TIM_Base_Init
    main.o(i.MX_TIM1_Init) refers to stm32f1xx_hal_tim.o(i.HAL_TIM_ConfigClockSource) for HAL_TIM_ConfigClockSource
    main.o(i.MX_TIM1_Init) refers to stm32f1xx_hal_tim_ex.o(i.HAL_TIMEx_MasterConfigSynchronization) for HAL_TIMEx_MasterConfigSynchronization
    main.o(i.MX_TIM1_Init) refers to main.o(.bss) for .bss
    main.o(i.SystemClock_Config) refers to memseta.o(.text) for __aeabi_memclr4
    main.o(i.SystemClock_Config) refers to stm32f1xx_hal_rcc.o(i.HAL_RCC_OscConfig) for HAL_RCC_OscConfig
    main.o(i.SystemClock_Config) refers to stm32f1xx_hal_rcc.o(i.HAL_RCC_ClockConfig) for HAL_RCC_ClockConfig
    main.o(i.SystemClock_Config) refers to stm32f1xx_hal_rcc_ex.o(i.HAL_RCCEx_PeriphCLKConfig) for HAL_RCCEx_PeriphCLKConfig
    main.o(i.main) refers to stm32f1xx_hal.o(i.HAL_Init) for HAL_Init
    main.o(i.main) refers to main.o(i.SystemClock_Config) for SystemClock_Config
    main.o(i.main) refers to main.o(i.MX_GPIO_Init) for MX_GPIO_Init
    main.o(i.main) refers to stm32f1xx_hal_cortex.o(i.HAL_NVIC_SetPriority) for HAL_NVIC_SetPriority
    main.o(i.main) refers to stm32f1xx_hal_cortex.o(i.HAL_NVIC_EnableIRQ) for HAL_NVIC_EnableIRQ
    main.o(i.main) refers to stm32f1xx_hal_i2c.o(i.HAL_I2C_Init) for HAL_I2C_Init
    main.o(i.main) refers to stm32f1xx_hal_uart.o(i.HAL_UART_Init) for HAL_UART_Init
    main.o(i.main) refers to main.o(i.MX_TIM1_Init) for MX_TIM1_Init
    main.o(i.main) refers to usb_device.o(i.MX_USB_DEVICE_Init) for MX_USB_DEVICE_Init
    main.o(i.main) refers to main.o(i.MX_ADC1_Init) for MX_ADC1_Init
[...]
    i.USBD_LL_ClearStallEP                   0x08004afa   Section        0  usbd_conf.o(i.USBD_LL_ClearStallEP)
    i.USBD_LL_CloseEP                        0x08004b0c   Section        0  usbd_conf.o(i.USBD_LL_CloseEP)
    i.USBD_LL_DataInStage                    0x08004b1e   Section        0  usbd_core.o(i.USBD_LL_DataInStage)
    i.USBD_LL_DataOutStage                   0x08004be4   Section        0  usbd_core.o(i.USBD_LL_DataOutStage)
    i.USBD_LL_GetRxDataSize                  0x08004c66   Section        0  usbd_conf.o(i.USBD_LL_GetRxDataSize)
    i.USBD_LL_Init                           0x08004c70   Section        0  usbd_conf.o(i.USBD_LL_Init)
    i.USBD_LL_IsStallEP                      0x08004cf0   Section        0  usbd_conf.o(i.USBD_LL_IsStallEP)
    i.USBD_LL_OpenEP                         0x08004d10   Section        0  usbd_conf.o(i.USBD_LL_OpenEP)
    i.USBD_LL_PrepareReceive                 0x08004d28   Section        0  usbd_conf.o(i.USBD_LL_PrepareReceive)
    i.USBD_LL_Reset                          0x08004d3a   Section        0  usbd_core.o(i.USBD_LL_Reset)
    i.USBD_LL_Resume                         0x08004d8a   Section        0  usbd_core.o(i.USBD_LL_Resume)
    i.USBD_LL_SOF                            0x08004d9e   Section        0  usbd_core.o(i.USBD_LL_SOF)
    i.USBD_LL_SetSpeed                       0x08004db6   Section        0  usbd_core.o(i.USBD_LL_SetSpeed)
    i.USBD_LL_SetUSBAddress                  0x08004dbc   Section        0  usbd_conf.o(i.USBD_LL_SetUSBAddress)
    i.USBD_LL_SetupStage                     0x08004dce   Section        0  usbd_core.o(i.USBD_LL_SetupStage)
    i.USBD_LL_StallEP                        0x08004e28   Section        0  usbd_conf.o(i.USBD_LL_StallEP)
    i.USBD_LL_Start                          0x08004e3a   Section        0  usbd_conf.o(i.USBD_LL_Start)
    i.USBD_LL_Suspend                        0x08004e4c   Section        0  usbd_core.o(i.USBD_LL_Suspend)
    i.USBD_LL_Transmit                       0x08004e5e   Section        0  usbd_conf.o(i.USBD_LL_Transmit)
    i.USBD_ParseSetupRequest                 0x08004e70   Section        0  usbd_ctlreq.o(i.USBD_ParseSetupRequest)
    i.USBD_RegisterClass                     0x08004e98   Section        0  usbd_core.o(i.USBD_RegisterClass)
    i.USBD_SetClassConfig                    0x08004ea8   Section        0  usbd_core.o(i.USBD_SetClassConfig)
    i.USBD_SetConfig                         0x08004ec0   Section        0  usbd_ctlreq.o(i.USBD_SetConfig)
    USBD_SetConfig                           0x08004ec1   Thumb Code   128  usbd_ctlreq.o(i.USBD_SetConfig)
    i.USBD_Start                             0x08004f44   Section        0  usbd_core.o(i.USBD_Start)
    i.USBD_StdDevReq                         0x08004f4e   Section        0  usbd_ctlreq.o(i.USBD_StdDevReq)
    i.USBD_StdEPReq                          0x08005060   Section        0  usbd_ctlreq.o(i.USBD_StdEPReq)
    i.USBD_StdItfReq                         0x080051b0   Section        0  usbd_ctlreq.o(i.USBD_StdItfReq)
    i.USBD_static_free                       0x080051fe   Section        0  usbd_conf.o(i.USBD_static_free)
    i.USBD_static_malloc                     0x08005200   Section        0  usbd_conf.o(i.USBD_static_malloc)
    i.USB_ActivateEndpoint                   0x08005208   Section        0  stm32f1xx_ll_usb.o(i.USB_ActivateEndpoint)
    i.USB_CoreInit                           0x08005460   Section        0  stm32f1xx_ll_usb.o(i.USB_CoreInit)
    i.USB_DeactivateEndpoint                 0x08005464   Section        0  stm32f1xx_ll_usb.o(i.USB_DeactivateEndpoint)
    i.USB_DevConnect                         0x08005572   Section        0  stm32f1xx_ll_usb.o(i.USB_DevConnect)
    i.USB_DevDisconnect                      0x08005576   Section        0  stm32f1xx_ll_usb.o(i.USB_DevDisconnect)
    i.USB_DevInit                            0x0800557a   Section        0  stm32f1xx_ll_usb.o(i.USB_DevInit)
    i.USB_DisableGlobalInt                   0x0800558c   Section        0  stm32f1xx_ll_usb.o(i.USB_DisableGlobalInt)
    i.USB_EP0_OutStart                       0x0800559a   Section        0  stm32f1xx_ll_usb.o(i.USB_EP0_OutStart)
    i.USB_EPClearStall                       0x0800559e   Section        0  stm32f1xx_ll_usb.o(i.USB_EPClearStall)
    i.USB_EPSetStall                         0x08005616   Section        0  stm32f1xx_ll_usb.o(i.USB_EPSetStall)
    i.USB_EPStartXfer                        0x08005648   Section        0  stm32f1xx_ll_usb.o(i.USB_EPStartXfer)
    i.USB_EnableGlobalInt                    0x08005c54   Section        0  stm32f1xx_ll_usb.o(i.USB_EnableGlobalInt)
    i.USB_LP_CAN1_RX0_IRQHandler             0x08005c68   Section        0  stm32f1xx_it.o(i.USB_LP_CAN1_RX0_IRQHandler)
    i.USB_ReadInterrupts                     0x08005c74   Section        0  stm32f1xx_ll_usb.o(i.USB_ReadInterrupts)
    i.USB_ReadPMA                            0x08005c7c   Section        0  stm32f1xx_ll_usb.o(i.USB_ReadPMA)
    i.USB_SetCurrentMode                     0x08005ca8   Section        0  stm32f1xx_ll_usb.o(i.USB_SetCurrentMode)
    i.USB_SetDevAddress                      0x08005cac   Section        0  stm32f1xx_ll_usb.o(i.USB_SetDevAddress)
    i.USB_WritePMA                           0x08005cb8   Section        0  stm32f1xx_ll_usb.o(i.USB_WritePMA)
    i.UsageFault_Handler                     0x08005cde   Section        0  stm32f1xx_it.o(i.UsageFault_Handler)
    i.__0sprintf                             0x08005ce0   Section        0  printfa.o(i.__0sprintf)
    i.__ARM_fpclassify                       0x08005d08   Section        0  fpclassify.o(i.__ARM_fpclassify)
    i.__NVIC_SetPriority                     0x08005d30   Section        0  stm32f1xx_hal_cortex.o(i.__NVIC_SetPriority)
    __NVIC_SetPriority                       0x08005d31   Thumb Code    32  stm32f1xx_hal_cortex.o(i.__NVIC_SetPriority)
    i.__kernel_poly                          0x08005d50   Section        0  poly.o(i.__kernel_poly)
    i.__mathlib_dbl_infnan                   0x08005dfa   Section        0  dunder.o(i.__mathlib_dbl_infnan)
    i.__mathlib_dbl_underflow                0x08005e00   Section        0  dunder.o(i.__mathlib_dbl_underflow)
    i.__scatterload_copy                     0x08005e10   Section       14  handlers.o(i.__scatterload_copy)
    i.__scatterload_null                     0x08005e1e   Section        2  handlers.o(i.__scatterload_null)
    i.__scatterload_zeroinit                 0x08005e20   Section       14  handlers.o(i.__scatterload_zeroinit)
    i.__set_errno                            0x08005e30   Section        0  errno.o(i.__set_errno)
    i._fp_digits                             0x08005e3c   Section        0  printfa.o(i._fp_digits)
    _fp_digits                               0x08005e3d   Thumb Code   366  printfa.o(i._fp_digits)
    i._printf_core                           0x08005fc0   Section        0  printfa.o(i._printf_core)
    _printf_core                             0x08005fc1   Thumb Code  1704  printfa.o(i._printf_core)
    i._printf_post_padding                   0x08006674   Section        0  printfa.o(i._printf_post_padding)
    _printf_post_padding                     0x08006675   Thumb Code    36  printfa.o(i._printf_post_padding)
    i._printf_pre_padding                    0x08006698   Section        0  printfa.o(i._printf_pre_padding)
    _printf_pre_padding                      0x08006699   Thumb Code    46  printfa.o(i._printf_pre_padding)
    i._sputc                                 0x080066c6   Section        0  printfa.o(i._sputc)
    _sputc                                   0x080066c7   Thumb Code    10  printfa.o(i._sputc)
    i.atan                                   0x080066d0   Section        0  atan.o(i.atan)
    i.main                                   0x080068f0   Section        0  main.o(i.main)
    i.mapfloat                               0x08006d0c   Section        0  main.o(i.mapfloat)
    i.sqrt                                   0x08006d48   Section        0  sqrt.o(i.sqrt)
    .constdata                               0x08006d94   Section       16  system_stm32f1xx.o(.constdata)
    .constdata                               0x08006da4   Section        8  system_stm32f1xx.o(.constdata)
    .constdata                               0x08006db0   Section      152  atan.o(.constdata)
    atanhi                                   0x08006db0   Data          32  atan.o(.constdata)
    atanlo                                   0x08006dd0   Data          32  atan.o(.constdata)
    aTodd                                    0x08006df0   Data          40  atan.o(.constdata)
    aTeven                                   0x08006e18   Data          48  atan.o(.constdata)
    .data                                    0x20000000   Section       72  main.o(.data)
    .data                                    0x20000048   Section      152  mpu6050.o(.data)
    .data                                    0x200000e0   Section       16  pid.o(.data)
    .data                                    0x200000f0   Section       28  usbd_desc.o(.data)
    .data                                    0x2000010c   Section       50  usbd_desc.o(.data)
    .data                                    0x20000140   Section       16  usbd_cdc_if.o(.data)
    .data                                    0x20000150   Section       12  stm32f1xx_hal.o(.data)
    .data                                    0x2000015c   Section        4  system_stm32f1xx.o(.data)
    .data                                    0x20000160   Section        1  usbd_ctlreq.o(.data)
    cfgidx                                   0x20000160   Data           1  usbd_ctlreq.o(.data)
    .data                                    0x20000164   Section      215  usbd_cdc.o(.data)
    USBD_CDC_DeviceQualifierDesc             0x20000164   Data          10  usbd_cdc.o(.data)
    .data                                    0x2000023c   Section       56  usbd_cdc.o(.data)
    .data                                    0x20000274   Section        4  errno.o(.data)
    _errno                                   0x20000274   Data           4  errno.o(.data)
    .bss                                     0x20000278   Section      408  main.o(.bss)
    .bss                                     0x20000410   Section       68  main.o(.bss)
    .bss                                     0x20000454   Section      708  usb_device.o(.bss)
    .bss                                     0x20000718   Section      512  usbd_desc.o(.bss)
    .bss                                     0x20000918   Section     2000  usbd_cdc_if.o(.bss)
    .bss                                     0x200010e8   Section     1292  usbd_conf.o(.bss)
    mem                                      0x200010e8   Data         544  usbd_conf.o(.bss)
    STACK                                    0x200015f8   Section     1024  startup_stm32f103xb.o(STACK)

    Global Symbols

    Symbol Name                              Value     Ov Type        Size  Object(Section)

    BuildAttributes$$THM_ISAv4$P$D$K$B$S$PE$A:L22UL41UL21$X:L11$S22US41US21$IEEE1$IW$USESV6$~STKCKD$USESV7$~SHL$OTIME$ROPI$IEEEX$EBA8$MICROLIB$REQ8$PRES8$EABIv2 0x00000000   Number         0  anon$$obj.o ABSOLUTE
    __ARM_use_no_argv                        0x00000000   Number         0  main.o ABSOLUTE
    _printf_a                                0x00000000   Number         0  stubs.o ABSOLUTE
    _printf_c                                0x00000000   Number         0  stubs.o ABSOLUTE
    _printf_charcount                        0x00000000   Number         0  stubs.o ABSOLUTE
    _printf_d                                0x00000000   Number         0  stubs.o ABSOLUTE
    _printf_e                                0x00000000   Number         0  stubs.o ABSOLUTE
    _printf_f                                0x00000000   Number         0  stubs.o ABSOLUTE
    _printf_flags                            0x00000000   Number         0  stubs.o ABSOLUTE
    _printf_fp_dec                           0x00000000   Number         0  stubs.o ABSOLUTE
    _printf_fp_hex                           0x00000000   Number         0  stubs.o ABSOLUTE
    _printf_g                                0x00000000   Number         0  stubs.o ABSOLUTE
    _printf_i                                0x00000000   Number         0  stubs.o ABSOLUTE
    _printf_int_dec                          0x00000000   Number         0  stubs.o ABSOLUTE
    _printf_l                                0x00000000   Number         0  stubs.o ABSOLUTE
    _printf_lc                               0x00000000   Number         0  stubs.o ABSOLUTE
    _printf_ll                               0x00000000   Number         0  stubs.o ABSOLUTE
    _printf_lld                              0x00000000   Number         0  stubs.o ABSOLUTE
    _printf_lli                              0x00000000   Number         0  stubs.o ABSOLUTE
    _printf_llo                              0x00000000   Number         0  stubs.o ABSOLUTE
    _printf_llu                              0x00000000   Number         0  stubs.o ABSOLUTE
    _printf_llx                              0x00000000   Number         0  stubs.o ABSOLUTE
    _printf_longlong_dec                     0x00000000   Number         0  stubs.o ABSOLUTE
    _printf_longlong_hex                     0x00000000   Number         0  stubs.o ABSOLUTE
    _printf_longlong_oct                     0x00000000   Number         0  stubs.o ABSOLUTE
    _printf_ls                               0x00000000   Number         0  stubs.o ABSOLUTE
    _printf_mbtowc                           0x00000000   Number         0  stubs.o ABSOLUTE
    _printf_n                                0x00000000   Number         0  stubs.o ABSOLUTE
    _printf_o                                0x00000000   Number         0  stubs.o ABSOLUTE
    _printf_p                                0x00000000   Number         0  stubs.o ABSOLUTE
    _printf_percent                          0x00000000   Number         0  stubs.o ABSOLUTE
    _printf_pre_padding                      0x00000000   Number         0  stubs.o ABSOLUTE
    _printf_return_value                     0x00000000   Number         0  stubs.o ABSOLUTE
    _printf_s                                0x00000000   Number         0  stubs.o ABSOLUTE
    _printf_sizespec                         0x00000000   Number         0  stubs.o ABSOLUTE
    _printf_str                              0x00000000   Number         0  stubs.o ABSOLUTE
    _printf_truncate_signed                  0x00000000   Number         0  stubs.o ABSOLUTE
    _printf_truncate_unsigned                0x00000000   Number         0  stubs.o ABSOLUTE
    _printf_u                                0x00000000   Number         0  stubs.o ABSOLUTE
    _printf_wc                               0x00000000   Number         0  stubs.o ABSOLUTE
    _printf_wctomb                           0x00000000   Number         0  stubs.o ABSOLUTE
    _printf_widthprec                        0x00000000   Number         0  stubs.o ABSOLUTE
    _printf_x                                0x00000000   Number         0  stubs.o ABSOLUTE
    __arm_fini_                               - Undefined Weak Reference
    __cpp_initialize__aeabi_                  - Undefined Weak Reference
    __cxa_finalize                            - Undefined Weak Reference
    _clock_init                               - Undefined Weak Reference
    _microlib_exit                            - Undefined Weak Reference
    __Vectors_Size                           0x000000ec   Number         0  startup_stm32f103xb.o ABSOLUTE
    __Vectors                                0x08000000   Data           4  startup_stm32f103xb.o(RESET)
    __Vectors_End                            0x080000ec   Data           0  startup_stm32f103xb.o(RESET)
    __main                                   0x080000ed   Thumb Code     0  entry.o(.ARM.Collect$$$$00000000)
    _main_stk                                0x080000ed   Thumb Code     0  entry2.o(.ARM.Collect$$$$00000001)
    _main_scatterload                        0x080000f1   Thumb Code     0  entry5.o(.ARM.Collect$$$$00000004)
    __main_after_scatterload                 0x080000f5   Thumb Code     0  entry5.o(.ARM.Collect$$$$00000004)
    _main_clock                              0x080000f5   Thumb Code     0  entry7b.o(.ARM.Collect$$$$00000008)
    _main_cpp_init                           0x080000f5   Thumb Code     0  entry8b.o(.ARM.Collect$$$$0000000A)
    _main_init                               0x080000f5   Thumb Code     0  entry9a.o(.ARM.Collect$$$$0000000B)
    __rt_lib_shutdown_fini                   0x080000fd   Thumb Code     0  entry12b.o(.ARM.Collect$$$$0000000E)
    __rt_final_cpp                           0x08000101   Thumb Code     0  entry10a.o(.ARM.Collect$$$$0000000F)
    __rt_final_exit                          0x08000101   Thumb Code     0  entry11a.o(.ARM.Collect$$$$00000011)
    Reset_Handler                            0x08000105   Thumb Code     8  startup_stm32f103xb.o(.text)
    ADC1_2_IRQHandler                        0x0800011f   Thumb Code     0  startup_stm32f103xb.o(.text)
    CAN1_RX1_IRQHandler                      0x0800011f   Thumb Code     0  startup_stm32f103xb.o(.text)
    CAN1_SCE_IRQHandler                      0x0800011f   Thumb Code     0  startup_stm32f103xb.o(.text)
    DMA1_Channel2_IRQHandler                 0x0800011f   Thumb Code     0  startup_stm32f103xb.o(.text)
    DMA1_Channel3_IRQHandler                 0x0800011f   Thumb Code     0  startup_stm32f103xb.o(.text)
    DMA1_Channel4_IRQHandler                 0x0800011f   Thumb Code     0  startup_stm32f103xb.o(.text)
    DMA1_Channel5_IRQHandler                 0x0800011f   Thumb Code     0  startup_stm32f103xb.o(.text)
    DMA1_Channel6_IRQHandler                 0x0800011f   Thumb Code     0  startup_stm32f103xb.o(.text)
    DMA1_Channel7_IRQHandler                 0x0800011f   Thumb Code     0  startup_stm32f103xb.o(.text)
    EXTI0_IRQHandler                         0x0800011f   Thumb Code     0  startup_stm32f103xb.o(.text)
    EXTI15_10_IRQHandler                     0x0800011f   Thumb Code     0  startup_stm32f103xb.o(.text)
    EXTI1_IRQHandler                         0x0800011f   Thumb Code     0  startup_stm32f103xb.o(.text)
    EXTI2_IRQHandler                         0x0800011f   Thumb Code     0  startup_stm32f103xb.o(.text)
    EXTI3_IRQHandler                         0x0800011f   Thumb Code     0  startup_stm32f103xb.o(.text)
    EXTI4_IRQHandler                         0x0800011f   Thumb Code     0  startup_stm32f103xb.o(.text)
    EXTI9_5_IRQHandler                       0x0800011f   Thumb Code     0  startup_stm32f103xb.o(.text)
    FLASH_IRQHandler                         0x0800011f   Thumb Code     0  startup_stm32f103xb.o(.text)
    I2C1_ER_IRQHandler                       0x0800011f   Thumb Code     0  startup_stm32f103xb.o(.text)
    I2C1_EV_IRQHandler                       0x0800011f   Thumb Code     0  startup_stm32f103xb.o(.text)
    I2C2_ER_IRQHandler                       0x0800011f   Thumb Code     0  startup_stm32f103xb.o(.text)
    I2C2_EV_IRQHandler                       0x0800011f   Thumb Code     0  startup_stm32f103xb.o(.text)
    PVD_IRQHandler                           0x0800011f   Thumb Code     0  startup_stm32f103xb.o(.text)
    RCC_IRQHandler                           0x0800011f   Thumb Code     0  startup_stm32f103xb.o(.text)
    RTC_Alarm_IRQHandler                     0x0800011f   Thumb Code     0  startup_stm32f103xb.o(.text)
    RTC_IRQHandler                           0x0800011f   Thumb Code     0  startup_stm32f103xb.o(.text)
    SPI1_IRQHandler                          0x0800011f   Thumb Code     0  startup_stm32f103xb.o(.text)
    SPI2_IRQHandler                          0x0800011f   Thumb Code     0  startup_stm32f103xb.o(.text)
    TAMPER_IRQHandler                        0x0800011f   Thumb Code     0  startup_stm32f103xb.o(.text)
    TIM1_BRK_IRQHandler                      0x0800011f   Thumb Code     0  startup_stm32f103xb.o(.text)
    TIM1_CC_IRQHandler                       0x0800011f   Thumb Code     0  startup_stm32f103xb.o(.text)
    TIM1_TRG_COM_IRQHandler                  0x0800011f   Thumb Code     0  startup_stm32f103xb.o(.text)
    TIM2_IRQHandler                          0x0800011f   Thumb Code     0  startup_stm32f103xb.o(.text)
    TIM3_IRQHandler                          0x0800011f   Thumb Code     0  startup_stm32f103xb.o(.text)
    TIM4_IRQHandler                          0x0800011f   Thumb Code     0  startup_stm32f103xb.o(.text)
    USART2_IRQHandler                        0x0800011f   Thumb Code     0  startup_stm32f103xb.o(.text)
    USART3_IRQHandler                        0x0800011f   Thumb Code     0  startup_stm32f103xb.o(.text)
    USBWakeUp_IRQHandler                     0x0800011f   Thumb Code     0  startup_stm32f103xb.o(.text)
    USB_HP_CAN1_TX_IRQHandler                0x0800011f   Thumb Code     0  startup_stm32f103xb.o(.text)
    WWDG_IRQHandler                          0x0800011f   Thumb Code     0  startup_stm32f103xb.o(.text)
    __aeabi_llsr                             0x08000129   Thumb Code    32  llushr.o(.text)
    _ll_ushift_r                             0x08000129   Thumb Code     0  llushr.o(.text)
    __aeabi_memcpy                           0x08000149   Thumb Code    36  memcpya.o(.text)
    __aeabi_memcpy4                          0x08000149   Thumb Code     0  memcpya.o(.text)
    __aeabi_memcpy8                          0x08000149   Thumb Code     0  memcpya.o(.text)
    __aeabi_memset                           0x0800016d   Thumb Code    14  memseta.o(.text)
    __aeabi_memset4                          0x0800016d   Thumb Code     0  memseta.o(.text)
    __aeabi_memset8                          0x0800016d   Thumb Code     0  memseta.o(.text)
    __aeabi_memclr                           0x0800017b   Thumb Code     4  memseta.o(.text)
    __aeabi_memclr4                          0x0800017b   Thumb Code     0  memseta.o(.text)
    __aeabi_memclr8                          0x0800017b   Thumb Code     0  memseta.o(.text)
    _memset$wrapper                          0x0800017f   Thumb Code    18  memseta.o(.text)
    strlen                                   0x08000191   Thumb Code    14  strlen.o(.text)
    __aeabi_fadd                             0x0800019f   Thumb Code   164  fadd.o(.text)
    __aeabi_fsub                             0x08000243   Thumb Code     6  fadd.o(.text)
    __aeabi_frsub                            0x08000249   Thumb Code     6  fadd.o(.text)
    __aeabi_fmul                             0x0800024f   Thumb Code   100  fmul.o(.text)
    __aeabi_fdiv                             0x080002b3   Thumb Code   124  fdiv.o(.text)
    __aeabi_dadd                             0x0800032f   Thumb Code   322  dadd.o(.text)
    __aeabi_dsub                             0x08000471   Thumb Code     6  dadd.o(.text)
    __aeabi_drsub                            0x08000477   Thumb Code     6  dadd.o(.text)
    __aeabi_dmul                             0x0800047d   Thumb Code   228  dmul.o(.text)
    __aeabi_ddiv                             0x08000561   Thumb Code   222  ddiv.o(.text)
    __ARM_scalbn                             0x0800063f   Thumb Code    46  dscalb.o(.text)
    scalbn                                   0x0800063f   Thumb Code     0  dscalb.o(.text)
    __aeabi_ui2f                             0x0800066d   Thumb Code    10  ffltui.o(.text)
    __aeabi_i2d                              0x08000677   Thumb Code    34  dflti.o(.text)
    __aeabi_ui2d                             0x08000699   Thumb Code    26  dfltui.o(.text)
    __aeabi_f2d                              0x080006b3   Thumb Code    38  f2d.o(.text)
    __aeabi_cdcmpeq                          0x080006d9   Thumb Code     0  cdcmple.o(.text)
    __aeabi_cdcmple                          0x080006d9   Thumb Code    48  cdcmple.o(.text)
    __aeabi_cdrcmple                         0x08000709   Thumb Code    48  cdrcmple.o(.text)
    __aeabi_d2f                              0x08000739   Thumb Code    56  d2f.o(.text)
    __aeabi_cfrcmple                         0x08000771   Thumb Code    20  cfrcmple.o(.text)
    __aeabi_uidiv                            0x08000785   Thumb Code     0  uidiv.o(.text)
    __aeabi_uidivmod                         0x08000785   Thumb Code    44  uidiv.o(.text)
    __aeabi_uldivmod                         0x080007b1   Thumb Code    98  uldiv.o(.text)
    __aeabi_llsl                             0x08000813   Thumb Code    30  llshl.o(.text)
    _ll_shift_l                              0x08000813   Thumb Code     0  llshl.o(.text)
    __aeabi_lasr                             0x08000831   Thumb Code    36  llsshr.o(.text)
    _ll_sshift_r                             0x08000831   Thumb Code     0  llsshr.o(.text)
    __I$use$fp                               0x08000855   Thumb Code     0  iusefp.o(.text)
    _float_round                             0x08000855   Thumb Code    18  fepilogue.o(.text)
    _float_epilogue                          0x08000867   Thumb Code    92  fepilogue.o(.text)
    _double_round                            0x080008c3   Thumb Code    30  depilogue.o(.text)
    _double_epilogue                         0x080008e1   Thumb Code   156  depilogue.o(.text)
    _dsqrt                                   0x0800097d   Thumb Code   162  dsqrt.o(.text)
    __aeabi_d2ulz                            0x08000a1f   Thumb Code    48  dfixul.o(.text)
    __scatterload                            0x08000a51   Thumb Code    28  init.o(.text)
    __scatterload_rt2                        0x08000a51   Thumb Code     0  init.o(.text)
    __decompress                             0x08000a75   Thumb Code     0  __dczerorl2.o(.text)
    __decompress1                            0x08000a75   Thumb Code    86  __dczerorl2.o(.text)
    ADC_ConversionStop_Disable               0x08000acd   Thumb Code    86  stm32f1xx_hal_adc.o(i.ADC_ConversionStop_Disable)
    ADC_DMAConvCplt                          0x08000b23   Thumb Code    78  stm32f1xx_hal_adc.o(i.ADC_DMAConvCplt)
    ADC_DMAError                             0x08000b71   Thumb Code    26  stm32f1xx_hal_adc.o(i.ADC_DMAError)
    ADC_DMAHalfConvCplt                      0x08000b8b   Thumb Code    10  stm32f1xx_hal_adc.o(i.ADC_DMAHalfConvCplt)
    ADC_Enable                               0x08000b95   Thumb Code   114  stm32f1xx_hal_adc.o(i.ADC_Enable)
    BusFault_Handler                         0x08000c11   Thumb Code     2  stm32f1xx_it.o(i.BusFault_Handler)
    DMA1_Channel1_IRQHandler                 0x08000c59   Thumb Code     6  stm32f1xx_it.o(i.DMA1_Channel1_IRQHandler)
    DebugMon_Handler                         0x08000c8f   Thumb Code     2  stm32f1xx_it.o(i.DebugMon_Handler)
    Error_Handler                            0x08000c91   Thumb Code     4  main.o(i.Error_Handler)
    HAL_ADC_ConfigChannel                    0x08000c95   Thumb Code   240  stm32f1xx_hal_adc.o(i.HAL_ADC_ConfigChannel)
    HAL_ADC_ConvCpltCallback                 0x08000d91   Thumb Code     2  stm32f1xx_hal_adc.o(i.HAL_ADC_ConvCpltCallback)
    HAL_ADC_ConvHalfCpltCallback             0x08000d93   Thumb Code     2  stm32f1xx_hal_adc.o(i.HAL_ADC_ConvHalfCpltCallback)
    HAL_ADC_ErrorCallback                    0x08000d95   Thumb Code     2  stm32f1xx_hal_adc.o(i.HAL_ADC_ErrorCallback)
    HAL_ADC_Init                             0x08000d99   Thumb Code   272  stm32f1xx_hal_adc.o(i.HAL_ADC_Init)
    HAL_ADC_MspInit                          0x08000eb5   Thumb Code   122  stm32f1xx_hal_msp.o(i.HAL_ADC_MspInit)
    HAL_ADC_Start_DMA                        0x08000f45   Thumb Code   246  stm32f1xx_hal_adc.o(i.HAL_ADC_Start_DMA)
    HAL_DMA_Abort                            0x08001051   Thumb Code    70  stm32f1xx_hal_dma.o(i.HAL_DMA_Abort)
    HAL_DMA_Abort_IT                         0x08001099   Thumb Code   148  stm32f1xx_hal_dma.o(i.HAL_DMA_Abort_IT)
    HAL_DMA_IRQHandler                       0x08001131   Thumb Code   316  stm32f1xx_hal_dma.o(i.HAL_DMA_IRQHandler)
    HAL_DMA_Init                             0x08001285   Thumb Code    84  stm32f1xx_hal_dma.o(i.HAL_DMA_Init)
    HAL_DMA_Start_IT                         0x080012e1   Thumb Code   112  stm32f1xx_hal_dma.o(i.HAL_DMA_Start_IT)
    HAL_Delay                                0x08001351   Thumb Code    32  stm32f1xx_hal.o(i.HAL_Delay)
    HAL_GPIO_Init                            0x08001375   Thumb Code   446  stm32f1xx_hal_gpio.o(i.HAL_GPIO_Init)
    HAL_GPIO_TogglePin                       0x08001555   Thumb Code    16  stm32f1xx_hal_gpio.o(i.HAL_GPIO_TogglePin)
    HAL_GPIO_WritePin                        0x08001565   Thumb Code    10  stm32f1xx_hal_gpio.o(i.HAL_GPIO_WritePin)
    HAL_GetTick                              0x08001571   Thumb Code     6  stm32f1xx_hal.o(i.HAL_GetTick)
    HAL_I2C_Init                             0x0800157d   Thumb Code   376  stm32f1xx_hal_i2c.o(i.HAL_I2C_Init)
    HAL_I2C_Mem_Read                         0x08001705   Thumb Code   574  stm32f1xx_hal_i2c.o(i.HAL_I2C_Mem_Read)
    HAL_I2C_Mem_Write                        0x08001955   Thumb Code   294  stm32f1xx_hal_i2c.o(i.HAL_I2C_Mem_Write)
    HAL_I2C_MspInit                          0x08001a85   Thumb Code    80  stm32f1xx_hal_msp.o(i.HAL_I2C_MspInit)
    HAL_IncTick                              0x08001ae1   Thumb Code    12  stm32f1xx_hal.o(i.HAL_IncTick)
    HAL_Init                                 0x08001af1   Thumb Code    32  stm32f1xx_hal.o(i.HAL_Init)
    HAL_InitTick                             0x08001b15   Thumb Code    54  stm32f1xx_hal.o(i.HAL_InitTick)
    HAL_MspInit                              0x08001b55   Thumb Code    52  stm32f1xx_hal_msp.o(i.HAL_MspInit)
    HAL_NVIC_EnableIRQ                       0x08001b91   Thumb Code    26  stm32f1xx_hal_cortex.o(i.HAL_NVIC_EnableIRQ)
    HAL_NVIC_SetPriority                     0x08001bad   Thumb Code    60  stm32f1xx_hal_cortex.o(i.HAL_NVIC_SetPriority)
    HAL_NVIC_SetPriorityGrouping             0x08001bed   Thumb Code    26  stm32f1xx_hal_cortex.o(i.HAL_NVIC_SetPriorityGrouping)
    HAL_PCDEx_PMAConfig                      0x08001c11   Thumb Code    60  stm32f1xx_hal_pcd_ex.o(i.HAL_PCDEx_PMAConfig)
    HAL_PCDEx_SetConnectionState             0x08001c4d   Thumb Code     2  usbd_conf.o(i.HAL_PCDEx_SetConnectionState)
    HAL_PCD_DataInStageCallback              0x08001c4f   Thumb Code    18  usbd_conf.o(i.HAL_PCD_DataInStageCallback)
    HAL_PCD_DataOutStageCallback             0x08001c61   Thumb Code    20  usbd_conf.o(i.HAL_PCD_DataOutStageCallback)
    HAL_PCD_EP_Close                         0x08001c75   Thumb Code    76  stm32f1xx_hal_pcd.o(i.HAL_PCD_EP_Close)
    HAL_PCD_EP_ClrStall                      0x08001cc1   Thumb Code    92  stm32f1xx_hal_pcd.o(i.HAL_PCD_EP_ClrStall)
    HAL_PCD_EP_GetRxCount                    0x08002133   Thumb Code    18  stm32f1xx_hal_pcd.o(i.HAL_PCD_EP_GetRxCount)
    HAL_PCD_EP_Open                          0x08002145   Thumb Code    96  stm32f1xx_hal_pcd.o(i.HAL_PCD_EP_Open)
    HAL_PCD_EP_Receive                       0x080021a5   Thumb Code    50  stm32f1xx_hal_pcd.o(i.HAL_PCD_EP_Receive)
    HAL_PCD_EP_SetStall                      0x080021d7   Thumb Code   114  stm32f1xx_hal_pcd.o(i.HAL_PCD_EP_SetStall)
    HAL_PCD_EP_Transmit                      0x08002249   Thumb Code    52  stm32f1xx_hal_pcd.o(i.HAL_PCD_EP_Transmit)
    HAL_PCD_IRQHandler                       0x0800227d   Thumb Code   340  stm32f1xx_hal_pcd.o(i.HAL_PCD_IRQHandler)
    HAL_PCD_Init                             0x080023d1   Thumb Code   218  stm32f1xx_hal_pcd.o(i.HAL_PCD_Init)
    HAL_PCD_MspInit                          0x080024ad   Thumb Code    50  usbd_conf.o(i.HAL_PCD_MspInit)
    HAL_PCD_ResetCallback                    0x080024e9   Thumb Code    38  usbd_conf.o(i.HAL_PCD_ResetCallback)
    HAL_PCD_ResumeCallback                   0x0800250f   Thumb Code     8  usbd_conf.o(i.HAL_PCD_ResumeCallback)
    HAL_PCD_SOFCallback                      0x08002517   Thumb Code     8  usbd_conf.o(i.HAL_PCD_SOFCallback)
    HAL_PCD_SetAddress                       0x0800251f   Thumb Code    40  stm32f1xx_hal_pcd.o(i.HAL_PCD_SetAddress)
    HAL_PCD_SetupStageCallback               0x08002547   Thumb Code    14  usbd_conf.o(i.HAL_PCD_SetupStageCallback)
    HAL_PCD_Start                            0x08002555   Thumb Code    50  stm32f1xx_hal_pcd.o(i.HAL_PCD_Start)
    HAL_PCD_SuspendCallback                  0x08002589   Thumb Code    30  usbd_conf.o(i.HAL_PCD_SuspendCallback)
    HAL_RCCEx_PeriphCLKConfig                0x080025ad   Thumb Code   224  stm32f1xx_hal_rcc_ex.o(i.HAL_RCCEx_PeriphCLKConfig)
    HAL_RCC_ClockConfig                      0x08002699   Thumb Code   280  stm32f1xx_hal_rcc.o(i.HAL_RCC_ClockConfig)
    HAL_RCC_GetPCLK1Freq                     0x080027c5   Thumb Code    20  stm32f1xx_hal_rcc.o(i.HAL_RCC_GetPCLK1Freq)
    HAL_RCC_GetPCLK2Freq                     0x080027e5   Thumb Code    20  stm32f1xx_hal_rcc.o(i.HAL_RCC_GetPCLK2Freq)
    HAL_RCC_GetSysClockFreq                  0x08002805   Thumb Code    74  stm32f1xx_hal_rcc.o(i.HAL_RCC_GetSysClockFreq)
    HAL_RCC_OscConfig                        0x08002871   Thumb Code   778  stm32f1xx_hal_rcc.o(i.HAL_RCC_OscConfig)
    HAL_SYSTICK_Config                       0x08002b91   Thumb Code    40  stm32f1xx_hal_cortex.o(i.HAL_SYSTICK_Config)
    HAL_TIMEx_BreakCallback                  0x08002bb9   Thumb Code     2  stm32f1xx_hal_tim_ex.o(i.HAL_TIMEx_BreakCallback)
    HAL_TIMEx_CommutCallback                 0x08002bbb   Thumb Code     2  stm32f1xx_hal_tim_ex.o(i.HAL_TIMEx_CommutCallback)
    HAL_TIMEx_MasterConfigSynchronization    0x08002bbd   Thumb Code    92  stm32f1xx_hal_tim_ex.o(i.HAL_TIMEx_MasterConfigSynchronization)
    HAL_TIM_Base_Init                        0x08002c25   Thumb Code    90  stm32f1xx_hal_tim.o(i.HAL_TIM_Base_Init)
    HAL_TIM_Base_MspInit                     0x08002c81   Thumb Code    50  stm32f1xx_hal_msp.o(i.HAL_TIM_Base_MspInit)
    HAL_TIM_Base_Start_IT                    0x08002cbd   Thumb Code    76  stm32f1xx_hal_tim.o(i.HAL_TIM_Base_Start_IT)
    HAL_TIM_ConfigClockSource                0x08002d15   Thumb Code   214  stm32f1xx_hal_tim.o(i.HAL_TIM_ConfigClockSource)
    HAL_TIM_IC_CaptureCallback               0x08002deb   Thumb Code     2  stm32f1xx_hal_tim.o(i.HAL_TIM_IC_CaptureCallback)
    HAL_TIM_IRQHandler                       0x08002ded   Thumb Code   358  stm32f1xx_hal_tim.o(i.HAL_TIM_IRQHandler)
    HAL_TIM_OC_DelayElapsedCallback          0x08002f53   Thumb Code     2  stm32f1xx_hal_tim.o(i.HAL_TIM_OC_DelayElapsedCallback)
    HAL_TIM_PWM_PulseFinishedCallback        0x08002f55   Thumb Code     2  stm32f1xx_hal_tim.o(i.HAL_TIM_PWM_PulseFinishedCallback)
    HAL_TIM_PeriodElapsedCallback            0x08002f59   Thumb Code   192  main.o(i.HAL_TIM_PeriodElapsedCallback)
    HAL_TIM_TriggerCallback                  0x0800302d   Thumb Code     2  stm32f1xx_hal_tim.o(i.HAL_TIM_TriggerCallback)
    HAL_UARTEx_RxEventCallback               0x0800302f   Thumb Code     2  stm32f1xx_hal_uart.o(i.HAL_UARTEx_RxEventCallback)
    HAL_UART_ErrorCallback                   0x08003031   Thumb Code     2  stm32f1xx_hal_uart.o(i.HAL_UART_ErrorCallback)
    HAL_UART_IRQHandler                      0x08003035   Thumb Code   520  stm32f1xx_hal_uart.o(i.HAL_UART_IRQHandler)
    HAL_UART_Init                            0x08003241   Thumb Code    98  stm32f1xx_hal_uart.o(i.HAL_UART_Init)
    HAL_UART_MspInit                         0x080032a5   Thumb Code   116  stm32f1xx_hal_msp.o(i.HAL_UART_MspInit)
    HAL_UART_Receive_IT                      0x08003325   Thumb Code    42  stm32f1xx_hal_uart.o(i.HAL_UART_Receive_IT)
    HAL_UART_RxCpltCallback                  0x08003351   Thumb Code   228  main.o(i.HAL_UART_RxCpltCallback)
    HAL_UART_Transmit                        0x08003461   Thumb Code   178  stm32f1xx_hal_uart.o(i.HAL_UART_Transmit)
    HAL_UART_TxCpltCallback                  0x08003513   Thumb Code     2  stm32f1xx_hal_uart.o(i.HAL_UART_TxCpltCallback)
    HardFault_Handler                        0x08003515   Thumb Code     2  stm32f1xx_it.o(i.HardFault_Handler)
    MPU6050_CommentaryFilter                 0x0800391d   Thumb Code   376  mpu6050.o(i.MPU6050_CommentaryFilter)
    MPU6050_Init                             0x08003abd   Thumb Code   158  mpu6050.o(i.MPU6050_Init)
    MX_USB_DEVICE_Init                       0x08003cd5   Thumb Code    66  usb_device.o(i.MX_USB_DEVICE_Init)
    MemManage_Handler                        0x08003d29   Thumb Code     2  stm32f1xx_it.o(i.MemManage_Handler)
    NMI_Handler                              0x08003d2b   Thumb Code     2  stm32f1xx_it.o(i.NMI_Handler)
    PendSV_Handler                           0x08004041   Thumb Code     2  stm32f1xx_it.o(i.PendSV_Handler)
    PidCaculate                              0x08004045   Thumb Code   286  pid.o(i.PidCaculate)
    SVC_Handler                              0x0800419d   Thumb Code     2  stm32f1xx_it.o(i.SVC_Handler)
    SysTick_Handler                          0x0800419f   Thumb Code     4  stm32f1xx_it.o(i.SysTick_Handler)
    SystemClock_Config                       0x080041a3   Thumb Code   124  main.o(i.SystemClock_Config)
    SystemInit                               0x0800421f   Thumb Code     2  system_stm32f1xx.o(i.SystemInit)
    TIM1_UP_IRQHandler                       0x08004221   Thumb Code     6  stm32f1xx_it.o(i.TIM1_UP_IRQHandler)
    TIM_Base_SetConfig                       0x0800422d   Thumb Code    94  stm32f1xx_hal_tim.o(i.TIM_Base_SetConfig)
    TIM_ETR_SetConfig                        0x08004299   Thumb Code    20  stm32f1xx_hal_tim.o(i.TIM_ETR_SetConfig)
    UART_Start_Receive_IT                    0x080044b1   Thumb Code    54  stm32f1xx_hal_uart.o(i.UART_Start_Receive_IT)
    USART1_IRQHandler                        0x0800454d   Thumb Code     6  stm32f1xx_it.o(i.USART1_IRQHandler)
    USBD_CDC_GetDeviceQualifierDescriptor    0x08004635   Thumb Code     8  usbd_cdc.o(i.USBD_CDC_GetDeviceQualifierDescriptor)
    USBD_CDC_ReceivePacket                   0x080046f9   Thumb Code    40  usbd_cdc.o(i.USBD_CDC_ReceivePacket)
    USBD_CDC_RegisterInterface               0x08004721   Thumb Code    16  usbd_cdc.o(i.USBD_CDC_RegisterInterface)
    USBD_CDC_SetRxBuffer                     0x08004731   Thumb Code    12  usbd_cdc.o(i.USBD_CDC_SetRxBuffer)
    USBD_CDC_SetTxBuffer                     0x0800473d   Thumb Code    16  usbd_cdc.o(i.USBD_CDC_SetTxBuffer)
    USBD_ClrClassConfig                      0x080047f9   Thumb Code    14  usbd_core.o(i.USBD_ClrClassConfig)
    USBD_CtlContinueRx                       0x08004807   Thumb Code    16  usbd_ioreq.o(i.USBD_CtlContinueRx)
    USBD_CtlContinueSendData                 0x08004817   Thumb Code    16  usbd_ioreq.o(i.USBD_CtlContinueSendData)
    USBD_CtlError                            0x08004827   Thumb Code    22  usbd_ctlreq.o(i.USBD_CtlError)
    USBD_CtlPrepareRx                        0x0800483d   Thumb Code    30  usbd_ioreq.o(i.USBD_CtlPrepareRx)
    USBD_CtlReceiveStatus                    0x0800485b   Thumb Code    22  usbd_ioreq.o(i.USBD_CtlReceiveStatus)
    USBD_CtlSendData                         0x08004871   Thumb Code    26  usbd_ioreq.o(i.USBD_CtlSendData)
    USBD_CtlSendStatus                       0x0800488b   Thumb Code    22  usbd_ioreq.o(i.USBD_CtlSendStatus)
    USBD_FS_ConfigStrDescriptor              0x080048a1   Thumb Code    16  usbd_desc.o(i.USBD_FS_ConfigStrDescriptor)
    USBD_FS_DeviceDescriptor                 0x080048c1   Thumb Code     8  usbd_desc.o(i.USBD_FS_DeviceDescriptor)
    USBD_FS_InterfaceStrDescriptor           0x080048cd   Thumb Code    16  usbd_desc.o(i.USBD_FS_InterfaceStrDescriptor)
    USBD_FS_LangIDStrDescriptor              0x080048f1   Thumb Code     8  usbd_desc.o(i.USBD_FS_LangIDStrDescriptor)
    USBD_FS_ManufacturerStrDescriptor        0x080048fd   Thumb Code    16  usbd_desc.o(i.USBD_FS_ManufacturerStrDescriptor)
    USBD_FS_ProductStrDescriptor             0x08004925   Thumb Code    16  usbd_desc.o(i.USBD_FS_ProductStrDescriptor)
    USBD_FS_SerialStrDescriptor              0x08004951   Thumb Code    48  usbd_desc.o(i.USBD_FS_SerialStrDescriptor)
    USBD_GetString                           0x08004a71   Thumb Code    72  usbd_ctlreq.o(i.USBD_GetString)
    USBD_Init                                0x08004ad1   Thumb Code    42  usbd_core.o(i.USBD_Init)
    USBD_LL_ClearStallEP                     0x08004afb   Thumb Code    18  usbd_conf.o(i.USBD_LL_ClearStallEP)
    USBD_LL_CloseEP                          0x08004b0d   Thumb Code    18  usbd_conf.o(i.USBD_LL_CloseEP)
    USBD_LL_DataInStage                      0x08004b1f   Thumb Code   198  usbd_core.o(i.USBD_LL_DataInStage)
    USBD_LL_DataOutStage                     0x08004be5   Thumb Code   130  usbd_core.o(i.USBD_LL_DataOutStage)
    USBD_LL_GetRxDataSize                    0x08004c67   Thumb Code     8  usbd_conf.o(i.USBD_LL_GetRxDataSize)
    USBD_LL_Init                             0x08004c71   Thumb Code   118  usbd_conf.o(i.USBD_LL_Init)
    USBD_LL_IsStallEP                        0x08004cf1   Thumb Code    32  usbd_conf.o(i.USBD_LL_IsStallEP)
    USBD_LL_OpenEP                           0x08004d11   Thumb Code    24  usbd_conf.o(i.USBD_LL_OpenEP)
    USBD_LL_PrepareReceive                   0x08004d29   Thumb Code    18  usbd_conf.o(i.USBD_LL_PrepareReceive)
    USBD_LL_Reset                            0x08004d3b   Thumb Code    80  usbd_core.o(i.USBD_LL_Reset)
    USBD_LL_Resume                           0x08004d8b   Thumb Code    20  usbd_core.o(i.USBD_LL_Resume)
    USBD_LL_SOF                              0x08004d9f   Thumb Code    24  usbd_core.o(i.USBD_LL_SOF)
    USBD_LL_SetSpeed                         0x08004db7   Thumb Code     6  usbd_core.o(i.USBD_LL_SetSpeed)
    USBD_LL_SetUSBAddress                    0x08004dbd   Thumb Code    18  usbd_conf.o(i.USBD_LL_SetUSBAddress)
    USBD_LL_SetupStage                       0x08004dcf   Thumb Code    90  usbd_core.o(i.USBD_LL_SetupStage)
    USBD_LL_StallEP                          0x08004e29   Thumb Code    18  usbd_conf.o(i.USBD_LL_StallEP)
    USBD_LL_Start                            0x08004e3b   Thumb Code    18  usbd_conf.o(i.USBD_LL_Start)
    USBD_LL_Suspend                          0x08004e4d   Thumb Code    18  usbd_core.o(i.USBD_LL_Suspend)
    USBD_LL_Transmit                         0x08004e5f   Thumb Code    18  usbd_conf.o(i.USBD_LL_Transmit)
    USBD_ParseSetupRequest                   0x08004e71   Thumb Code    40  usbd_ctlreq.o(i.USBD_ParseSetupRequest)
    USBD_RegisterClass                       0x08004e99   Thumb Code    16  usbd_core.o(i.USBD_RegisterClass)
    USBD_SetClassConfig                      0x08004ea9   Thumb Code    22  usbd_core.o(i.USBD_SetClassConfig)
    USBD_Start                               0x08004f45   Thumb Code    10  usbd_core.o(i.USBD_Start)
    USBD_StdDevReq                           0x08004f4f   Thumb Code   274  usbd_ctlreq.o(i.USBD_StdDevReq)
    USBD_StdEPReq                            0x08005061   Thumb Code   336  usbd_ctlreq.o(i.USBD_StdEPReq)
    USBD_StdItfReq                           0x080051b1   Thumb Code    78  usbd_ctlreq.o(i.USBD_StdItfReq)
    USBD_static_free                         0x080051ff   Thumb Code     2  usbd_conf.o(i.USBD_static_free)
    USBD_static_malloc                       0x08005201   Thumb Code     4  usbd_conf.o(i.USBD_static_malloc)
    USB_ActivateEndpoint                     0x08005209   Thumb Code   600  stm32f1xx_ll_usb.o(i.USB_ActivateEndpoint)
    USB_CoreInit                             0x08005461   Thumb Code     4  stm32f1xx_ll_usb.o(i.USB_CoreInit)
    USB_DeactivateEndpoint                   0x08005465   Thumb Code   270  stm32f1xx_ll_usb.o(i.USB_DeactivateEndpoint)
    USB_DevConnect                           0x08005573   Thumb Code     4  stm32f1xx_ll_usb.o(i.USB_DevConnect)
    USB_DevDisconnect                        0x08005577   Thumb Code     4  stm32f1xx_ll_usb.o(i.USB_DevDisconnect)
    USB_DevInit                              0x0800557b   Thumb Code    18  stm32f1xx_ll_usb.o(i.USB_DevInit)
    USB_DisableGlobalInt                     0x0800558d   Thumb Code    14  stm32f1xx_ll_usb.o(i.USB_DisableGlobalInt)
    USB_EP0_OutStart                         0x0800559b   Thumb Code     4  stm32f1xx_ll_usb.o(i.USB_EP0_OutStart)
    USB_EPClearStall                         0x0800559f   Thumb Code   120  stm32f1xx_ll_usb.o(i.USB_EPClearStall)
    USB_EPSetStall                           0x08005617   Thumb Code    50  stm32f1xx_ll_usb.o(i.USB_EPSetStall)
    USB_EPStartXfer                          0x08005649   Thumb Code  1548  stm32f1xx_ll_usb.o(i.USB_EPStartXfer)
    USB_EnableGlobalInt                      0x08005c55   Thumb Code    18  stm32f1xx_ll_usb.o(i.USB_EnableGlobalInt)
    USB_LP_CAN1_RX0_IRQHandler               0x08005c69   Thumb Code     6  stm32f1xx_it.o(i.USB_LP_CAN1_RX0_IRQHandler)
    USB_ReadInterrupts                       0x08005c75   Thumb Code     6  stm32f1xx_ll_usb.o(i.USB_ReadInterrupts)
    USB_ReadPMA                              0x08005c7d   Thumb Code    44  stm32f1xx_ll_usb.o(i.USB_ReadPMA)
    USB_SetCurrentMode                       0x08005ca9   Thumb Code     4  stm32f1xx_ll_usb.o(i.USB_SetCurrentMode)
    USB_SetDevAddress                        0x08005cad   Thumb Code    12  stm32f1xx_ll_usb.o(i.USB_SetDevAddress)
    USB_WritePMA                             0x08005cb9   Thumb Code    38  stm32f1xx_ll_usb.o(i.USB_WritePMA)
    UsageFault_Handler                       0x08005cdf   Thumb Code     2  stm32f1xx_it.o(i.UsageFault_Handler)
    __0sprintf                               0x08005ce1   Thumb Code    34  printfa.o(i.__0sprintf)
    __1sprintf                               0x08005ce1   Thumb Code     0  printfa.o(i.__0sprintf)
    __2sprintf                               0x08005ce1   Thumb Code     0  printfa.o(i.__0sprintf)
    __c89sprintf                             0x08005ce1   Thumb Code     0  printfa.o(i.__0sprintf)
    sprintf                                  0x08005ce1   Thumb Code     0  printfa.o(i.__0sprintf)
    __ARM_fpclassify                         0x08005d09   Thumb Code    40  fpclassify.o(i.__ARM_fpclassify)
    __kernel_poly                            0x08005d51   Thumb Code   170  poly.o(i.__kernel_poly)
    __mathlib_dbl_infnan                     0x08005dfb   Thumb Code     6  dunder.o(i.__mathlib_dbl_infnan)
    __mathlib_dbl_underflow                  0x08005e01   Thumb Code    10  dunder.o(i.__mathlib_dbl_underflow)
    __scatterload_copy                       0x08005e11   Thumb Code    14  handlers.o(i.__scatterload_copy)
    __scatterload_null                       0x08005e1f   Thumb Code     2  handlers.o(i.__scatterload_null)
    __scatterload_zeroinit                   0x08005e21   Thumb Code    14  handlers.o(i.__scatterload_zeroinit)
    __set_errno                              0x08005e31   Thumb Code     6  errno.o(i.__set_errno)
    atan                                     0x080066d1   Thumb Code   474  atan.o(i.atan)
    main                                     0x080068f1   Thumb Code   932  main.o(i.main)
    mapfloat                                 0x08006d0d   Thumb Code    60  main.o(i.mapfloat)
    sqrt                                     0x08006d49   Thumb Code    76  sqrt.o(i.sqrt)
    AHBPrescTable                            0x08006d94   Data          16  system_stm32f1xx.o(.constdata)
    APBPrescTable                            0x08006da4   Data           8  system_stm32f1xx.o(.constdata)
    Region$$Table$$Base                      0x08006e48   Number         0  anon$$obj.o(Region$$Table)
    Region$$Table$$Limit                     0x08006e68   Number         0  anon$$obj.o(Region$$Table)
    timeLoop                                 0x20000000   Data           1  main.o(.data)
    rxData                                   0x20000001   Data           1  main.o(.data)
    timeDelayCounterLeft                     0x20000002   Data           2  main.o(.data)
    timeDelayCounterRight                    0x20000004   Data           2  main.o(.data)
    isetPoint                                0x20000008   Data           4  main.o(.data)
    self_balance_Angle                       0x2000000c   Data           4  main.o(.data)
    pidLeft                                  0x20000010   Data           4  main.o(.data)
    pidRight                                 0x20000014   Data           4  main.o(.data)
    timeDelayLeft                            0x20000018   Data           4  main.o(.data)
    timeDelayMemoryLeft                      0x2000001c   Data           4  main.o(.data)
    timeDelayRight                           0x20000020   Data           4  main.o(.data)
    timeDelayMemoryRight                     0x20000024   Data           4  main.o(.data)
    loop_time                                0x20000028   Data           4  main.o(.data)
    voltage                                  0x2000002c   Data           4  main.o(.data)
    value                                    0x20000030   Data           8  main.o(.data)
    PID                                      0x20000038   Data          16  main.o(.data)
    timer                                    0x20000048   Data           4  mpu6050.o(.data)
    KalmanX                                  0x20000050   Data          72  mpu6050.o(.data)
    KalmanY                                  0x20000098   Data          72  mpu6050.o(.data)
    timerPID                                 0x200000e0   Data           4  pid.o(.data)
    Last_error                               0x200000e4   Data           4  pid.o(.data)
    integrated_error                         0x200000e8   Data           4  pid.o(.data)
    pidOut                                   0x200000ec   Data           4  pid.o(.data)
    FS_Desc                                  0x200000f0   Data          28  usbd_desc.o(.data)
    USBD_LangIDDesc                          0x2000010c   Data           4  usbd_desc.o(.data)
    USBD_FS_DeviceDesc                       0x20000110   Data          18  usbd_desc.o(.data)
    USBD_StringSerial                        0x20000124   Data          26  usbd_desc.o(.data)
    USBD_Interface_fops_FS                   0x20000140   Data          16  usbd_cdc_if.o(.data)
    uwTickFreq                               0x20000150   Data           1  stm32f1xx_hal.o(.data)
    uwTickPrio                               0x20000154   Data           4  stm32f1xx_hal.o(.data)
    uwTick                                   0x20000158   Data           4  stm32f1xx_hal.o(.data)
    SystemCoreClock                          0x2000015c   Data           4  system_stm32f1xx.o(.data)
    USBD_CDC_CfgHSDesc                       0x20000170   Data          67  usbd_cdc.o(.data)
    USBD_CDC_CfgFSDesc                       0x200001b4   Data          67  usbd_cdc.o(.data)
    USBD_CDC_OtherSpeedCfgDesc               0x200001f8   Data          67  usbd_cdc.o(.data)
    USBD_CDC                                 0x2000023c   Data          56  usbd_cdc.o(.data)
    hadc1                                    0x20000278   Data          48  main.o(.bss)
    hi2c1                                    0x200002a8   Data          84  main.o(.bss)
    htim1                                    0x200002fc   Data          72  main.o(.bss)
    huart1                                   0x20000344   Data          68  main.o(.bss)
    MPU6050                                  0x20000388   Data          96  main.o(.bss)
    buf                                      0x200003e8   Data          40  main.o(.bss)
    hdma_adc1                                0x20000410   Data          68  main.o(.bss)
    hUsbDeviceFS                             0x20000454   Data         708  usb_device.o(.bss)
    USBD_StrDesc                             0x20000718   Data         512  usbd_desc.o(.bss)
    UserRxBufferFS                           0x20000918   Data        1000  usbd_cdc_if.o(.bss)
    UserTxBufferFS                           0x20000d00   Data        1000  usbd_cdc_if.o(.bss)
    hpcd_USB_FS                              0x20001308   Data         748  usbd_conf.o(.bss)
    __initial_sp                             0x200019f8   Data           0  startup_stm32f103xb.o(STACK)



==============================================================================

Memory Map of the image

  Image Entry point : 0x080000ed

  Load Region LR_IROM1 (Base: 0x08000000, Size: 0x000070e0, Max: 0x00010000, ABSOLUTE, COMPRESSED[0x00006f54])

    Execution Region ER_IROM1 (Exec base: 0x08000000, Load base: 0x08000000, Size: 0x00006e68, Max: 0x00010000, ABSOLUTE)

    Exec Addr    Load Addr    Size         Type   Attr      Idx    E Section Name        Object

    0x08000000   0x08000000   0x000000ec   Data   RO            3    RESET               startup_stm32f103xb.o
    0x080000ec   0x080000ec   0x00000000   Code   RO         4800  * .ARM.Collect$$$$00000000  mc_w.l(entry.o)
    0x080000ec   0x080000ec   0x00000004   Code   RO         5125    .ARM.Collect$$$$00000001  mc_w.l(entry2.o)
    0x080000f0   0x080000f0   0x00000004   Code   RO         5128    .ARM.Collect$$$$00000004  mc_w.l(entry5.o)
    0x080000f4   0x080000f4   0x00000000   Code   RO         5130    .ARM.Collect$$$$00000008  mc_w.l(entry7b.o)
    0x080000f4   0x080000f4   0x00000000   Code   RO         5132    .ARM.Collect$$$$0000000A  mc_w.l(entry8b.o)
    0x080000f4   0x080000f4   0x00000008   Code   RO         5133    .ARM.Collect$$$$0000000B  mc_w.l(entry9a.o)
    0x080000fc   0x080000fc   0x00000004   Code   RO         5140    .ARM.Collect$$$$0000000E  mc_w.l(entry12b.o)
    0x08000100   0x08000100   0x00000000   Code   RO         5135    .ARM.Collect$$$$0000000F  mc_w.l(entry10a.o)
    0x08000100   0x08000100   0x00000000   Code   RO         5137    .ARM.Collect$$$$00000011  mc_w.l(entry11a.o)
    0x08000100   0x08000100   0x00000004   Code   RO         5126    .ARM.Collect$$$$00002712  mc_w.l(entry2.o)
    0x08000104   0x08000104   0x00000024   Code   RO            4    .text               startup_stm32f103xb.o
    0x08000128   0x08000128   0x00000020   Code   RO         4803    .text               mc_w.l(llushr.o)
    0x08000148   0x08000148   0x00000024   Code   RO         4805    .text               mc_w.l(memcpya.o)
    0x0800016c   0x0800016c   0x00000024   Code   RO         4807    .text               mc_w.l(memseta.o)
    0x08000190   0x08000190   0x0000000e   Code   RO         4809    .text               mc_w.l(strlen.o)
    0x0800019e   0x0800019e   0x000000b0   Code   RO         5074    .text               mf_w.l(fadd.o)
    0x0800024e   0x0800024e   0x00000064   Code   RO         5076    .text               mf_w.l(fmul.o)
    0x080002b2   0x080002b2   0x0000007c   Code   RO         5078    .text               mf_w.l(fdiv.o)
    0x0800032e   0x0800032e   0x0000014e   Code   RO         5080    .text               mf_w.l(dadd.o)
    0x0800047c   0x0800047c   0x000000e4   Code   RO         5082    .text               mf_w.l(dmul.o)
    0x08000560   0x08000560   0x000000de   Code   RO         5084    .text               mf_w.l(ddiv.o)
    0x0800063e   0x0800063e   0x0000002e   Code   RO         5086    .text               mf_w.l(dscalb.o)
    0x0800066c   0x0800066c   0x0000000a   Code   RO         5090    .text               mf_w.l(ffltui.o)
    0x08000676   0x08000676   0x00000022   Code   RO         5092    .text               mf_w.l(dflti.o)
    0x08000698   0x08000698   0x0000001a   Code   RO         5094    .text               mf_w.l(dfltui.o)
    0x080006b2   0x080006b2   0x00000026   Code   RO         5096    .text               mf_w.l(f2d.o)
    0x080006d8   0x080006d8   0x00000030   Code   RO         5098    .text               mf_w.l(cdcmple.o)
    0x08000708   0x08000708   0x00000030   Code   RO         5100    .text               mf_w.l(cdrcmple.o)
    0x08000738   0x08000738   0x00000038   Code   RO         5102    .text               mf_w.l(d2f.o)
    0x08000770   0x08000770   0x00000014   Code   RO         5104    .text               mf_w.l(cfrcmple.o)
    0x08000784   0x08000784   0x0000002c   Code   RO         5144    .text               mc_w.l(uidiv.o)
    0x080007b0   0x080007b0   0x00000062   Code   RO         5146    .text               mc_w.l(uldiv.o)
    0x08000812   0x08000812   0x0000001e   Code   RO         5148    .text               mc_w.l(llshl.o)
    0x08000830   0x08000830   0x00000024   Code   RO         5150    .text               mc_w.l(llsshr.o)
    0x08000854   0x08000854   0x00000000   Code   RO         5159    .text               mc_w.l(iusefp.o)
    0x08000854   0x08000854   0x0000006e   Code   RO         5160    .text               mf_w.l(fepilogue.o)
    0x080008c2   0x080008c2   0x000000ba   Code   RO         5162    .text               mf_w.l(depilogue.o)
    0x0800097c   0x0800097c   0x000000a2   Code   RO         5164    .text               mf_w.l(dsqrt.o)
    0x08000a1e   0x08000a1e   0x00000030   Code   RO         5166    .text               mf_w.l(dfixul.o)
    0x08000a4e   0x08000a4e   0x00000002   PAD
    0x08000a50   0x08000a50   0x00000024   Code   RO         5168    .text               mc_w.l(init.o)
    0x08000a74   0x08000a74   0x00000056   Code   RO         5180    .text               mc_w.l(__dczerorl2.o)
    0x08000aca   0x08000aca   0x00000002   PAD
    0x08000acc   0x08000acc   0x00000056   Code   RO         2332    i.ADC_ConversionStop_Disable  stm32f1xx_hal_adc.o
    0x08000b22   0x08000b22   0x0000004e   Code   RO         2333    i.ADC_DMAConvCplt   stm32f1xx_hal_adc.o
    0x08000b70   0x08000b70   0x0000001a   Code   RO         2334    i.ADC_DMAError      stm32f1xx_hal_adc.o
    0x08000b8a   0x08000b8a   0x0000000a   Code   RO         2335    i.ADC_DMAHalfConvCplt  stm32f1xx_hal_adc.o
    0x08000b94   0x08000b94   0x0000007c   Code   RO         2336    i.ADC_Enable        stm32f1xx_hal_adc.o
    0x08000c10   0x08000c10   0x00000002   Code   RO          236    i.BusFault_Handler  stm32f1xx_it.o
    0x08000c12   0x08000c12   0x00000004   Code   RO          604    i.CDC_Control_FS    usbd_cdc_if.o
    0x08000c16   0x08000c16   0x00000004   Code   RO          605    i.CDC_DeInit_FS     usbd_cdc_if.o
    0x08000c1a   0x08000c1a   0x00000002   PAD
    0x08000c1c   0x08000c1c   0x00000024   Code   RO          606    i.CDC_Init_FS       usbd_cdc_if.o
    0x08000c40   0x08000c40   0x00000018   Code   RO          607    i.CDC_Receive_FS    usbd_cdc_if.o
    0x08000c58   0x08000c58   0x0000000c   Code   RO          237    i.DMA1_Channel1_IRQHandler  stm32f1xx_it.o
    0x08000c64   0x08000c64   0x0000002a   Code   RO         1735    i.DMA_SetConfig     stm32f1xx_hal_dma.o
    0x08000c8e   0x08000c8e   0x00000002   Code   RO          238    i.DebugMon_Handler  stm32f1xx_it.o
    0x08000c90   0x08000c90   0x00000004   Code   RO           13    i.Error_Handler     main.o
    0x08000c94   0x08000c94   0x000000fc   Code   RO         2338    i.HAL_ADC_ConfigChannel  stm32f1xx_hal_adc.o
    0x08000d90   0x08000d90   0x00000002   Code   RO         2339    i.HAL_ADC_ConvCpltCallback  stm32f1xx_hal_adc.o
    0x08000d92   0x08000d92   0x00000002   Code   RO         2340    i.HAL_ADC_ConvHalfCpltCallback  stm32f1xx_hal_adc.o
    0x08000d94   0x08000d94   0x00000002   Code   RO         2342    i.HAL_ADC_ErrorCallback  stm32f1xx_hal_adc.o
    0x08000d96   0x08000d96   0x00000002   PAD
    0x08000d98   0x08000d98   0x0000011c   Code   RO         2347    i.HAL_ADC_Init      stm32f1xx_hal_adc.o
    0x08000eb4   0x08000eb4   0x00000090   Code   RO          337    i.HAL_ADC_MspInit   stm32f1xx_hal_msp.o
    0x08000f44   0x08000f44   0x0000010c   Code   RO         2354    i.HAL_ADC_Start_DMA  stm32f1xx_hal_adc.o
    0x08001050   0x08001050   0x00000046   Code   RO         1736    i.HAL_DMA_Abort     stm32f1xx_hal_dma.o
    0x08001096   0x08001096   0x00000002   PAD
    0x08001098   0x08001098   0x00000098   Code   RO         1737    i.HAL_DMA_Abort_IT  stm32f1xx_hal_dma.o
    0x08001130   0x08001130   0x00000154   Code   RO         1741    i.HAL_DMA_IRQHandler  stm32f1xx_hal_dma.o
    0x08001284   0x08001284   0x0000005c   Code   RO         1742    i.HAL_DMA_Init      stm32f1xx_hal_dma.o
    0x080012e0   0x080012e0   0x00000070   Code   RO         1746    i.HAL_DMA_Start_IT  stm32f1xx_hal_dma.o
    0x08001350   0x08001350   0x00000024   Code   RO         1364    i.HAL_Delay         stm32f1xx_hal.o
    0x08001374   0x08001374   0x000001e0   Code   RO         1672    i.HAL_GPIO_Init     stm32f1xx_hal_gpio.o
    0x08001554   0x08001554   0x00000010   Code   RO         1675    i.HAL_GPIO_TogglePin  stm32f1xx_hal_gpio.o
    0x08001564   0x08001564   0x0000000a   Code   RO         1676    i.HAL_GPIO_WritePin  stm32f1xx_hal_gpio.o
    0x0800156e   0x0800156e   0x00000002   PAD
    0x08001570   0x08001570   0x0000000c   Code   RO         1368    i.HAL_GetTick       stm32f1xx_hal.o
    0x0800157c   0x0800157c   0x00000188   Code   RO         2619    i.HAL_I2C_Init      stm32f1xx_hal_i2c.o
    0x08001704   0x08001704   0x00000250   Code   RO         2637    i.HAL_I2C_Mem_Read  stm32f1xx_hal_i2c.o
    0x08001954   0x08001954   0x00000130   Code   RO         2640    i.HAL_I2C_Mem_Write  stm32f1xx_hal_i2c.o
    0x08001a84   0x08001a84   0x0000005c   Code   RO          339    i.HAL_I2C_MspInit   stm32f1xx_hal_msp.o
    0x08001ae0   0x08001ae0   0x00000010   Code   RO         1374    i.HAL_IncTick       stm32f1xx_hal.o
    0x08001af0   0x08001af0   0x00000024   Code   RO         1375    i.HAL_Init          stm32f1xx_hal.o
    0x08001b14   0x08001b14   0x00000040   Code   RO         1376    i.HAL_InitTick      stm32f1xx_hal.o
    0x08001b54   0x08001b54   0x0000003c   Code   RO          340    i.HAL_MspInit       stm32f1xx_hal_msp.o
    0x08001b90   0x08001b90   0x0000001a   Code   RO         1832    i.HAL_NVIC_EnableIRQ  stm32f1xx_hal_cortex.o
    0x08001baa   0x08001baa   0x00000002   PAD
    0x08001bac   0x08001bac   0x00000040   Code   RO         1838    i.HAL_NVIC_SetPriority  stm32f1xx_hal_cortex.o
    0x08001bec   0x08001bec   0x00000024   Code   RO         1839    i.HAL_NVIC_SetPriorityGrouping  stm32f1xx_hal_cortex.o
    0x08001c10   0x08001c10   0x0000003c   Code   RO         1137    i.HAL_PCDEx_PMAConfig  stm32f1xx_hal_pcd_ex.o
    0x08001c4c   0x08001c4c   0x00000002   Code   RO          656    i.HAL_PCDEx_SetConnectionState  usbd_conf.o
    0x08001c4e   0x08001c4e   0x00000012   Code   RO          658    i.HAL_PCD_DataInStageCallback  usbd_conf.o
    0x08001c60   0x08001c60   0x00000014   Code   RO          659    i.HAL_PCD_DataOutStageCallback  usbd_conf.o
    0x08001c74   0x08001c74   0x0000004c   Code   RO          913    i.HAL_PCD_EP_Close  stm32f1xx_hal_pcd.o
    0x08001cc0   0x08001cc0   0x0000005c   Code   RO          914    i.HAL_PCD_EP_ClrStall  stm32f1xx_hal_pcd.o
    0x08001d1c   0x08001d1c   0x000000e6   Code   RO          915    i.HAL_PCD_EP_DB_Receive  stm32f1xx_hal_pcd.o
    0x08001e02   0x08001e02   0x00000330   Code   RO          916    i.HAL_PCD_EP_DB_Transmit  stm32f1xx_hal_pcd.o
    0x08002132   0x08002132   0x00000012   Code   RO          918    i.HAL_PCD_EP_GetRxCount  stm32f1xx_hal_pcd.o
    0x08002144   0x08002144   0x00000060   Code   RO          919    i.HAL_PCD_EP_Open   stm32f1xx_hal_pcd.o
    0x080021a4   0x080021a4   0x00000032   Code   RO          920    i.HAL_PCD_EP_Receive  stm32f1xx_hal_pcd.o
    0x080021d6   0x080021d6   0x00000072   Code   RO          921    i.HAL_PCD_EP_SetStall  stm32f1xx_hal_pcd.o
    0x08002248   0x08002248   0x00000034   Code   RO          922    i.HAL_PCD_EP_Transmit  stm32f1xx_hal_pcd.o
    0x0800227c   0x0800227c   0x00000154   Code   RO          924    i.HAL_PCD_IRQHandler  stm32f1xx_hal_pcd.o
    0x080023d0   0x080023d0   0x000000da   Code   RO          927    i.HAL_PCD_Init      stm32f1xx_hal_pcd.o
    0x080024aa   0x080024aa   0x00000002   PAD
    0x080024ac   0x080024ac   0x0000003c   Code   RO          664    i.HAL_PCD_MspInit   usbd_conf.o
    0x080024e8   0x080024e8   0x00000026   Code   RO          665    i.HAL_PCD_ResetCallback  usbd_conf.o
    0x0800250e   0x0800250e   0x00000008   Code   RO          666    i.HAL_PCD_ResumeCallback  usbd_conf.o
    0x08002516   0x08002516   0x00000008   Code   RO          667    i.HAL_PCD_SOFCallback  usbd_conf.o
    0x0800251e   0x0800251e   0x00000028   Code   RO          933    i.HAL_PCD_SetAddress  stm32f1xx_hal_pcd.o
    0x08002546   0x08002546   0x0000000e   Code   RO          668    i.HAL_PCD_SetupStageCallback  usbd_conf.o
    0x08002554   0x08002554   0x00000032   Code   RO          935    i.HAL_PCD_Start     stm32f1xx_hal_pcd.o
    0x08002586   0x08002586   0x00000002   PAD
    0x08002588   0x08002588   0x00000024   Code   RO          669    i.HAL_PCD_SuspendCallback  usbd_conf.o
    0x080025ac   0x080025ac   0x000000ec   Code   RO         1635    i.HAL_RCCEx_PeriphCLKConfig  stm32f1xx_hal_rcc_ex.o
    0x08002698   0x08002698   0x0000012c   Code   RO         1532    i.HAL_RCC_ClockConfig  stm32f1xx_hal_rcc.o
    0x080027c4   0x080027c4   0x00000020   Code   RO         1539    i.HAL_RCC_GetPCLK1Freq  stm32f1xx_hal_rcc.o
    0x080027e4   0x080027e4   0x00000020   Code   RO         1540    i.HAL_RCC_GetPCLK2Freq  stm32f1xx_hal_rcc.o
    0x08002804   0x08002804   0x0000006c   Code   RO         1541    i.HAL_RCC_GetSysClockFreq  stm32f1xx_hal_rcc.o
    0x08002870   0x08002870   0x00000320   Code   RO         1544    i.HAL_RCC_OscConfig  stm32f1xx_hal_rcc.o
    0x08002b90   0x08002b90   0x00000028   Code   RO         1843    i.HAL_SYSTICK_Config  stm32f1xx_hal_cortex.o
    0x08002bb8   0x08002bb8   0x00000002   Code   RO         3746    i.HAL_TIMEx_BreakCallback  stm32f1xx_hal_tim_ex.o
    0x08002bba   0x08002bba   0x00000002   Code   RO         3747    i.HAL_TIMEx_CommutCallback  stm32f1xx_hal_tim_ex.o
    0x08002bbc   0x08002bbc   0x00000068   Code   RO         3765    i.HAL_TIMEx_MasterConfigSynchronization  stm32f1xx_hal_tim_ex.o
    0x08002c24   0x08002c24   0x0000005a   Code   RO         3042    i.HAL_TIM_Base_Init  stm32f1xx_hal_tim.o
    0x08002c7e   0x08002c7e   0x00000002   PAD
    0x08002c80   0x08002c80   0x0000003c   Code   RO          342    i.HAL_TIM_Base_MspInit  stm32f1xx_hal_msp.o
    0x08002cbc   0x08002cbc   0x00000058   Code   RO         3047    i.HAL_TIM_Base_Start_IT  stm32f1xx_hal_tim.o
    0x08002d14   0x08002d14   0x000000d6   Code   RO         3051    i.HAL_TIM_ConfigClockSource  stm32f1xx_hal_tim.o
    0x08002dea   0x08002dea   0x00000002   Code   RO         3076    i.HAL_TIM_IC_CaptureCallback  stm32f1xx_hal_tim.o
    0x08002dec   0x08002dec   0x00000166   Code   RO         3090    i.HAL_TIM_IRQHandler  stm32f1xx_hal_tim.o
    0x08002f52   0x08002f52   0x00000002   Code   RO         3093    i.HAL_TIM_OC_DelayElapsedCallback  stm32f1xx_hal_tim.o
    0x08002f54   0x08002f54   0x00000002   Code   RO         3120    i.HAL_TIM_PWM_PulseFinishedCallback  stm32f1xx_hal_tim.o
    0x08002f56   0x08002f56   0x00000002   PAD
    0x08002f58   0x08002f58   0x000000d4   Code   RO           14    i.HAL_TIM_PeriodElapsedCallback  main.o
    0x0800302c   0x0800302c   0x00000002   Code   RO         3133    i.HAL_TIM_TriggerCallback  stm32f1xx_hal_tim.o
    0x0800302e   0x0800302e   0x00000002   Code   RO         4024    i.HAL_UARTEx_RxEventCallback  stm32f1xx_hal_uart.o
    0x08003030   0x08003030   0x00000002   Code   RO         4038    i.HAL_UART_ErrorCallback  stm32f1xx_hal_uart.o
    0x08003032   0x08003032   0x00000002   PAD
    0x08003034   0x08003034   0x0000020c   Code   RO         4041    i.HAL_UART_IRQHandler  stm32f1xx_hal_uart.o
    0x08003240   0x08003240   0x00000062   Code   RO         4042    i.HAL_UART_Init     stm32f1xx_hal_uart.o
    0x080032a2   0x080032a2   0x00000002   PAD
    0x080032a4   0x080032a4   0x00000080   Code   RO          344    i.HAL_UART_MspInit  stm32f1xx_hal_msp.o
    0x08003324   0x08003324   0x0000002a   Code   RO         4047    i.HAL_UART_Receive_IT  stm32f1xx_hal_uart.o
    0x0800334e   0x0800334e   0x00000002   PAD
    0x08003350   0x08003350   0x00000110   Code   RO           15    i.HAL_UART_RxCpltCallback  main.o
    0x08003460   0x08003460   0x000000b2   Code   RO         4050    i.HAL_UART_Transmit  stm32f1xx_hal_uart.o
    0x08003512   0x08003512   0x00000002   Code   RO         4053    i.HAL_UART_TxCpltCallback  stm32f1xx_hal_uart.o
    0x08003514   0x08003514   0x00000002   Code   RO          239    i.HardFault_Handler  stm32f1xx_it.o
    0x08003516   0x08003516   0x0000002e   Code   RO         2661    i.I2C_IsAcknowledgeFailed  stm32f1xx_hal_i2c.o
    0x08003544   0x08003544   0x000000fc   Code   RO         2671    i.I2C_RequestMemoryRead  stm32f1xx_hal_i2c.o
    0x08003640   0x08003640   0x000000a8   Code   RO         2672    i.I2C_RequestMemoryWrite  stm32f1xx_hal_i2c.o
    0x080036e8   0x080036e8   0x0000004c   Code   RO         2676    i.I2C_WaitOnBTFFlagUntilTimeout  stm32f1xx_hal_i2c.o
    0x08003734   0x08003734   0x00000068   Code   RO         2677    i.I2C_WaitOnFlagUntilTimeout  stm32f1xx_hal_i2c.o
    0x0800379c   0x0800379c   0x00000096   Code   RO         2678    i.I2C_WaitOnMasterAddressFlagUntilTimeout  stm32f1xx_hal_i2c.o
    0x08003832   0x08003832   0x00000066   Code   RO         2679    i.I2C_WaitOnRXNEFlagUntilTimeout  stm32f1xx_hal_i2c.o
    0x08003898   0x08003898   0x0000004c   Code   RO         2680    i.I2C_WaitOnTXEFlagUntilTimeout  stm32f1xx_hal_i2c.o
    0x080038e4   0x080038e4   0x00000038   Code   RO          518    i.IntToUnicode      usbd_desc.o
    0x0800391c   0x0800391c   0x000001a0   Code   RO          410    i.MPU6050_CommentaryFilter  mpu6050.o
    0x08003abc   0x08003abc   0x0000009e   Code   RO          411    i.MPU6050_Init      mpu6050.o
    0x08003b5a   0x08003b5a   0x00000002   PAD
    0x08003b5c   0x08003b5c   0x00000068   Code   RO           16    i.MX_ADC1_Init      main.o
    0x08003bc4   0x08003bc4   0x000000a8   Code   RO           17    i.MX_GPIO_Init      main.o
    0x08003c6c   0x08003c6c   0x00000068   Code   RO           18    i.MX_TIM1_Init      main.o
    0x08003cd4   0x08003cd4   0x00000054   Code   RO          487    i.MX_USB_DEVICE_Init  usb_device.o
    0x08003d28   0x08003d28   0x00000002   Code   RO          240    i.MemManage_Handler  stm32f1xx_it.o
    0x08003d2a   0x08003d2a   0x00000002   Code   RO          241    i.NMI_Handler       stm32f1xx_it.o
    0x08003d2c   0x08003d2c   0x00000314   Code   RO          939    i.PCD_EP_ISR_Handler  stm32f1xx_hal_pcd.o
    0x08004040   0x08004040   0x00000002   Code   RO          242    i.PendSV_Handler    stm32f1xx_it.o
    0x08004042   0x08004042   0x00000002   PAD
    0x08004044   0x08004044   0x00000158   Code   RO          460    i.PidCaculate       pid.o
    0x0800419c   0x0800419c   0x00000002   Code   RO          243    i.SVC_Handler       stm32f1xx_it.o
    0x0800419e   0x0800419e   0x00000004   Code   RO          244    i.SysTick_Handler   stm32f1xx_it.o
    0x080041a2   0x080041a2   0x0000007c   Code   RO           19    i.SystemClock_Config  main.o
    0x0800421e   0x0800421e   0x00000002   Code   RO         4371    i.SystemInit        system_stm32f1xx.o
    0x08004220   0x08004220   0x0000000c   Code   RO          245    i.TIM1_UP_IRQHandler  stm32f1xx_it.o
    0x0800422c   0x0800422c   0x0000006c   Code   RO         3135    i.TIM_Base_SetConfig  stm32f1xx_hal_tim.o
    0x08004298   0x08004298   0x00000014   Code   RO         3146    i.TIM_ETR_SetConfig  stm32f1xx_hal_tim.o
    0x080042ac   0x080042ac   0x00000010   Code   RO         3147    i.TIM_ITRx_SetConfig  stm32f1xx_hal_tim.o
    0x080042bc   0x080042bc   0x00000022   Code   RO         3153    i.TIM_TI1_ConfigInputStage  stm32f1xx_hal_tim.o
    0x080042de   0x080042de   0x00000024   Code   RO         3155    i.TIM_TI2_ConfigInputStage  stm32f1xx_hal_tim.o
    0x08004302   0x08004302   0x00000010   Code   RO         4055    i.UART_DMAAbortOnError  stm32f1xx_hal_uart.o
    0x08004312   0x08004312   0x00000030   Code   RO         4065    i.UART_EndRxTransfer  stm32f1xx_hal_uart.o
    0x08004342   0x08004342   0x000000b6   Code   RO         4067    i.UART_Receive_IT   stm32f1xx_hal_uart.o
    0x080043f8   0x080043f8   0x000000b8   Code   RO         4068    i.UART_SetConfig    stm32f1xx_hal_uart.o
    0x080044b0   0x080044b0   0x00000036   Code   RO         4070    i.UART_Start_Receive_IT  stm32f1xx_hal_uart.o
    0x080044e6   0x080044e6   0x00000064   Code   RO         4071    i.UART_WaitOnFlagUntilTimeout  stm32f1xx_hal_uart.o
    0x0800454a   0x0800454a   0x00000002   PAD
    0x0800454c   0x0800454c   0x0000000c   Code   RO          246    i.USART1_IRQHandler  stm32f1xx_it.o
    0x08004558   0x08004558   0x00000046   Code   RO         4671    i.USBD_CDC_DataIn   usbd_cdc.o
    0x0800459e   0x0800459e   0x0000002e   Code   RO         4672    i.USBD_CDC_DataOut  usbd_cdc.o
    0x080045cc   0x080045cc   0x00000044   Code   RO         4673    i.USBD_CDC_DeInit   usbd_cdc.o
    0x08004610   0x08004610   0x00000024   Code   RO         4674    i.USBD_CDC_EP0_RxReady  usbd_cdc.o
    0x08004634   0x08004634   0x0000000c   Code   RO         4675    i.USBD_CDC_GetDeviceQualifierDescriptor  usbd_cdc.o
    0x08004640   0x08004640   0x0000000c   Code   RO         4676    i.USBD_CDC_GetFSCfgDesc  usbd_cdc.o
    0x0800464c   0x0800464c   0x0000000c   Code   RO         4677    i.USBD_CDC_GetHSCfgDesc  usbd_cdc.o
    0x08004658   0x08004658   0x0000000c   Code   RO         4678    i.USBD_CDC_GetOtherSpeedCfgDesc  usbd_cdc.o
    0x08004664   0x08004664   0x00000094   Code   RO         4679    i.USBD_CDC_Init     usbd_cdc.o
    0x080046f8   0x080046f8   0x00000028   Code   RO         4680    i.USBD_CDC_ReceivePacket  usbd_cdc.o
    0x08004720   0x08004720   0x00000010   Code   RO         4681    i.USBD_CDC_RegisterInterface  usbd_cdc.o
    0x08004730   0x08004730   0x0000000c   Code   RO         4682    i.USBD_CDC_SetRxBuffer  usbd_cdc.o
    0x0800473c   0x0800473c   0x00000010   Code   RO         4683    i.USBD_CDC_SetTxBuffer  usbd_cdc.o
    0x0800474c   0x0800474c   0x000000ac   Code   RO         4684    i.USBD_CDC_Setup    usbd_cdc.o
    0x080047f8   0x080047f8   0x0000000e   Code   RO         4408    i.USBD_ClrClassConfig  usbd_core.o
    0x08004806   0x08004806   0x00000010   Code   RO         4611    i.USBD_CtlContinueRx  usbd_ioreq.o
    0x08004816   0x08004816   0x00000010   Code   RO         4612    i.USBD_CtlContinueSendData  usbd_ioreq.o
    0x08004826   0x08004826   0x00000016   Code   RO         4546    i.USBD_CtlError     usbd_ctlreq.o
    0x0800483c   0x0800483c   0x0000001e   Code   RO         4613    i.USBD_CtlPrepareRx  usbd_ioreq.o
    0x0800485a   0x0800485a   0x00000016   Code   RO         4614    i.USBD_CtlReceiveStatus  usbd_ioreq.o
    0x08004870   0x08004870   0x0000001a   Code   RO         4615    i.USBD_CtlSendData  usbd_ioreq.o
    0x0800488a   0x0800488a   0x00000016   Code   RO         4616    i.USBD_CtlSendStatus  usbd_ioreq.o
    0x080048a0   0x080048a0   0x00000020   Code   RO          519    i.USBD_FS_ConfigStrDescriptor  usbd_desc.o
    0x080048c0   0x080048c0   0x0000000c   Code   RO          520    i.USBD_FS_DeviceDescriptor  usbd_desc.o
    0x080048cc   0x080048cc   0x00000024   Code   RO          521    i.USBD_FS_InterfaceStrDescriptor  usbd_desc.o
    0x080048f0   0x080048f0   0x0000000c   Code   RO          522    i.USBD_FS_LangIDStrDescriptor  usbd_desc.o
    0x080048fc   0x080048fc   0x00000028   Code   RO          523    i.USBD_FS_ManufacturerStrDescriptor  usbd_desc.o
    0x08004924   0x08004924   0x0000002c   Code   RO          524    i.USBD_FS_ProductStrDescriptor  usbd_desc.o
    0x08004950   0x08004950   0x00000038   Code   RO          525    i.USBD_FS_SerialStrDescriptor  usbd_desc.o
    0x08004988   0x08004988   0x000000e8   Code   RO         4547    i.USBD_GetDescriptor  usbd_ctlreq.o
    0x08004a70   0x08004a70   0x00000048   Code   RO         4548    i.USBD_GetString    usbd_ctlreq.o
    0x08004ab8   0x08004ab8   0x00000018   Code   RO          670    i.USBD_Get_USB_Status  usbd_conf.o
    0x08004ad0   0x08004ad0   0x0000002a   Code   RO         4410    i.USBD_Init         usbd_core.o
    0x08004afa   0x08004afa   0x00000012   Code   RO          671    i.USBD_LL_ClearStallEP  usbd_conf.o
    0x08004b0c   0x08004b0c   0x00000012   Code   RO          672    i.USBD_LL_CloseEP   usbd_conf.o
    0x08004b1e   0x08004b1e   0x000000c6   Code   RO         4411    i.USBD_LL_DataInStage  usbd_core.o
    0x08004be4   0x08004be4   0x00000082   Code   RO         4412    i.USBD_LL_DataOutStage  usbd_core.o
    0x08004c66   0x08004c66   0x00000008   Code   RO          676    i.USBD_LL_GetRxDataSize  usbd_conf.o
    0x08004c6e   0x08004c6e   0x00000002   PAD
    0x08004c70   0x08004c70   0x00000080   Code   RO          677    i.USBD_LL_Init      usbd_conf.o
    0x08004cf0   0x08004cf0   0x00000020   Code   RO          678    i.USBD_LL_IsStallEP  usbd_conf.o
    0x08004d10   0x08004d10   0x00000018   Code   RO          679    i.USBD_LL_OpenEP    usbd_conf.o
    0x08004d28   0x08004d28   0x00000012   Code   RO          680    i.USBD_LL_PrepareReceive  usbd_conf.o
    0x08004d3a   0x08004d3a   0x00000050   Code   RO         4417    i.USBD_LL_Reset     usbd_core.o
    0x08004d8a   0x08004d8a   0x00000014   Code   RO         4418    i.USBD_LL_Resume    usbd_core.o
    0x08004d9e   0x08004d9e   0x00000018   Code   RO         4419    i.USBD_LL_SOF       usbd_core.o
    0x08004db6   0x08004db6   0x00000006   Code   RO         4420    i.USBD_LL_SetSpeed  usbd_core.o
    0x08004dbc   0x08004dbc   0x00000012   Code   RO          681    i.USBD_LL_SetUSBAddress  usbd_conf.o
    0x08004dce   0x08004dce   0x0000005a   Code   RO         4421    i.USBD_LL_SetupStage  usbd_core.o
    0x08004e28   0x08004e28   0x00000012   Code   RO          682    i.USBD_LL_StallEP   usbd_conf.o
    0x08004e3a   0x08004e3a   0x00000012   Code   RO          683    i.USBD_LL_Start     usbd_conf.o
    0x08004e4c   0x08004e4c   0x00000012   Code   RO         4422    i.USBD_LL_Suspend   usbd_core.o
    0x08004e5e   0x08004e5e   0x00000012   Code   RO          685    i.USBD_LL_Transmit  usbd_conf.o
    0x08004e70   0x08004e70   0x00000028   Code   RO         4549    i.USBD_ParseSetupRequest  usbd_ctlreq.o
    0x08004e98   0x08004e98   0x00000010   Code   RO         4423    i.USBD_RegisterClass  usbd_core.o
    0x08004ea8   0x08004ea8   0x00000016   Code   RO         4425    i.USBD_SetClassConfig  usbd_core.o
    0x08004ebe   0x08004ebe   0x00000002   PAD
    0x08004ec0   0x08004ec0   0x00000084   Code   RO         4550    i.USBD_SetConfig    usbd_ctlreq.o
    0x08004f44   0x08004f44   0x0000000a   Code   RO         4426    i.USBD_Start        usbd_core.o
    0x08004f4e   0x08004f4e   0x00000112   Code   RO         4551    i.USBD_StdDevReq    usbd_ctlreq.o
    0x08005060   0x08005060   0x00000150   Code   RO         4552    i.USBD_StdEPReq     usbd_ctlreq.o
    0x080051b0   0x080051b0   0x0000004e   Code   RO         4553    i.USBD_StdItfReq    usbd_ctlreq.o
    0x080051fe   0x080051fe   0x00000002   Code   RO          686    i.USBD_static_free  usbd_conf.o
    0x08005200   0x08005200   0x00000008   Code   RO          687    i.USBD_static_malloc  usbd_conf.o
    0x08005208   0x08005208   0x00000258   Code   RO         1177    i.USB_ActivateEndpoint  stm32f1xx_ll_usb.o
    0x08005460   0x08005460   0x00000004   Code   RO         1180    i.USB_CoreInit      stm32f1xx_ll_usb.o
    0x08005464   0x08005464   0x0000010e   Code   RO         1182    i.USB_DeactivateEndpoint  stm32f1xx_ll_usb.o
    0x08005572   0x08005572   0x00000004   Code   RO         1183    i.USB_DevConnect    stm32f1xx_ll_usb.o
    0x08005576   0x08005576   0x00000004   Code   RO         1184    i.USB_DevDisconnect  stm32f1xx_ll_usb.o
    0x0800557a   0x0800557a   0x00000012   Code   RO         1185    i.USB_DevInit       stm32f1xx_ll_usb.o
    0x0800558c   0x0800558c   0x0000000e   Code   RO         1186    i.USB_DisableGlobalInt  stm32f1xx_ll_usb.o
    0x0800559a   0x0800559a   0x00000004   Code   RO         1187    i.USB_EP0_OutStart  stm32f1xx_ll_usb.o
    0x0800559e   0x0800559e   0x00000078   Code   RO         1188    i.USB_EPClearStall  stm32f1xx_ll_usb.o
    0x08005616   0x08005616   0x00000032   Code   RO         1189    i.USB_EPSetStall    stm32f1xx_ll_usb.o
    0x08005648   0x08005648   0x0000060c   Code   RO         1190    i.USB_EPStartXfer   stm32f1xx_ll_usb.o
    0x08005c54   0x08005c54   0x00000012   Code   RO         1191    i.USB_EnableGlobalInt  stm32f1xx_ll_usb.o
    0x08005c66   0x08005c66   0x00000002   PAD
    0x08005c68   0x08005c68   0x0000000c   Code   RO          247    i.USB_LP_CAN1_RX0_IRQHandler  stm32f1xx_it.o
    0x08005c74   0x08005c74   0x00000006   Code   RO         1198    i.USB_ReadInterrupts  stm32f1xx_ll_usb.o
    0x08005c7a   0x08005c7a   0x00000002   PAD
    0x08005c7c   0x08005c7c   0x0000002c   Code   RO         1199    i.USB_ReadPMA       stm32f1xx_ll_usb.o
    0x08005ca8   0x08005ca8   0x00000004   Code   RO         1200    i.USB_SetCurrentMode  stm32f1xx_ll_usb.o
    0x08005cac   0x08005cac   0x0000000c   Code   RO         1201    i.USB_SetDevAddress  stm32f1xx_ll_usb.o
    0x08005cb8   0x08005cb8   0x00000026   Code   RO         1203    i.USB_WritePMA      stm32f1xx_ll_usb.o
    0x08005cde   0x08005cde   0x00000002   Code   RO          248    i.UsageFault_Handler  stm32f1xx_it.o
    0x08005ce0   0x08005ce0   0x00000028   Code   RO         5048    i.__0sprintf        mc_w.l(printfa.o)
    0x08005d08   0x08005d08   0x00000028   Code   RO         5120    i.__ARM_fpclassify  m_ws.l(fpclassify.o)
    0x08005d30   0x08005d30   0x00000020   Code   RO         1845    i.__NVIC_SetPriority  stm32f1xx_hal_cortex.o
    0x08005d50   0x08005d50   0x000000aa   Code   RO         5122    i.__kernel_poly     m_ws.l(poly.o)
    0x08005dfa   0x08005dfa   0x00000006   Code   RO         5107    i.__mathlib_dbl_infnan  m_ws.l(dunder.o)
    0x08005e00   0x08005e00   0x00000010   Code   RO         5112    i.__mathlib_dbl_underflow  m_ws.l(dunder.o)
    0x08005e10   0x08005e10   0x0000000e   Code   RO         5174    i.__scatterload_copy  mc_w.l(handlers.o)
    0x08005e1e   0x08005e1e   0x00000002   Code   RO         5175    i.__scatterload_null  mc_w.l(handlers.o)
    0x08005e20   0x08005e20   0x0000000e   Code   RO         5176    i.__scatterload_zeroinit  mc_w.l(handlers.o)
    0x08005e2e   0x08005e2e   0x00000002   PAD
    0x08005e30   0x08005e30   0x0000000c   Code   RO         5154    i.__set_errno       mc_w.l(errno.o)
    0x08005e3c   0x08005e3c   0x00000184   Code   RO         5053    i._fp_digits        mc_w.l(printfa.o)
    0x08005fc0   0x08005fc0   0x000006b4   Code   RO         5054    i._printf_core      mc_w.l(printfa.o)
    0x08006674   0x08006674   0x00000024   Code   RO         5055    i._printf_post_padding  mc_w.l(printfa.o)
    0x08006698   0x08006698   0x0000002e   Code   RO         5056    i._printf_pre_padding  mc_w.l(printfa.o)
    0x080066c6   0x080066c6   0x0000000a   Code   RO         5058    i._sputc            mc_w.l(printfa.o)
    0x080066d0   0x080066d0   0x00000220   Code   RO         4775    i.atan              m_ws.l(atan.o)
    0x080068f0   0x080068f0   0x0000041c   Code   RO           20    i.main              main.o
    0x08006d0c   0x08006d0c   0x0000003c   Code   RO           21    i.mapfloat          main.o
    0x08006d48   0x08006d48   0x0000004c   Code   RO         4793    i.sqrt              m_ws.l(sqrt.o)
    0x08006d94   0x08006d94   0x00000010   Data   RO         4372    .constdata          system_stm32f1xx.o
    0x08006da4   0x08006da4   0x00000008   Data   RO         4373    .constdata          system_stm32f1xx.o
    0x08006dac   0x08006dac   0x00000004   PAD
    0x08006db0   0x08006db0   0x00000098   Data   RO         4776    .constdata          m_ws.l(atan.o)
    0x08006e48   0x08006e48   0x00000020   Data   RO         5172    Region$$Table       anon$$obj.o


    Execution Region RW_IRAM1 (Exec base: 0x20000000, Load base: 0x08006e68, Size: 0x000019f8, Max: 0x00005000, ABSOLUTE, COMPRESSED[0x000000ec])

    Exec Addr    Load Addr    Size         Type   Attr      Idx    E Section Name        Object

    0x20000000   COMPRESSED   0x00000048   Data   RW           24    .data               main.o
    0x20000048   COMPRESSED   0x00000098   Data   RW          415    .data               mpu6050.o
    0x200000e0   COMPRESSED   0x00000010   Data   RW          461    .data               pid.o
    0x200000f0   COMPRESSED   0x0000001c   Data   RW          527    .data               usbd_desc.o
    0x2000010c   COMPRESSED   0x00000032   Data   RW          528    .data               usbd_desc.o
    0x2000013e   COMPRESSED   0x00000002   PAD
    0x20000140   COMPRESSED   0x00000010   Data   RW          610    .data               usbd_cdc_if.o
    0x20000150   COMPRESSED   0x0000000c   Data   RW         1382    .data               stm32f1xx_hal.o
    0x2000015c   COMPRESSED   0x00000004   Data   RW         4374    .data               system_stm32f1xx.o
    0x20000160   COMPRESSED   0x00000001   Data   RW         4554    .data               usbd_ctlreq.o
    0x20000161   COMPRESSED   0x00000003   PAD
    0x20000164   COMPRESSED   0x000000d7   Data   RW         4686    .data               usbd_cdc.o
    0x2000023b   COMPRESSED   0x00000001   PAD
    0x2000023c   COMPRESSED   0x00000038   Data   RW         4687    .data               usbd_cdc.o
    0x20000274   COMPRESSED   0x00000004   Data   RW         5155    .data               mc_w.l(errno.o)
    0x20000278        -       0x00000198   Zero   RW           22    .bss                main.o
    0x20000410        -       0x00000044   Zero   RW           23    .bss                main.o
    0x20000454        -       0x000002c4   Zero   RW          488    .bss                usb_device.o
    0x20000718        -       0x00000200   Zero   RW          526    .bss                usbd_desc.o
    0x20000918        -       0x000007d0   Zero   RW          609    .bss                usbd_cdc_if.o
    0x200010e8        -       0x0000050c   Zero   RW          688    .bss                usbd_conf.o
    0x200015f4   COMPRESSED   0x00000004   PAD
    0x200015f8        -       0x00000400   Zero   RW            1    STACK               startup_stm32f103xb.o


==============================================================================

Image component sizes


      Code (inc. data)   RO Data    RW Data    ZI Data      Debug   Object Name

      2100        214          0         72        476     476120   main.o
       574         40          0        152          0       2540   mpu6050.o
       344         58          0         16          0       1316   pid.o
        36          8        236          0       1024        792   startup_stm32f103xb.o
       164         28          0         12          0       5825   stm32f1xx_hal.o
      1134         56          0          0          0       8418   stm32f1xx_hal_adc.o
       198         14          0          0          0      28887   stm32f1xx_hal_cortex.o
       808         36          0          0          0       4922   stm32f1xx_hal_dma.o
       506         34          0          0          0       3461   stm32f1xx_hal_gpio.o
      2262         56          0          0          0      12646   stm32f1xx_hal_i2c.o
       484         64          0          0          0       3588   stm32f1xx_hal_msp.o
      2980          0          0          0          0      13753   stm32f1xx_hal_pcd.o
        60          0          0          0          0       1158   stm32f1xx_hal_pcd_ex.o
      1272        100          0          0          0       5140   stm32f1xx_hal_rcc.o
       236         12          0          0          0       1364   stm32f1xx_hal_rcc_ex.o
       972         26          0          0          0       9529   stm32f1xx_hal_tim.o
       108         12          0          0          0       2337   stm32f1xx_hal_tim_ex.o
      1432         10          0          0          0      10396   stm32f1xx_hal_uart.o
        68         24          0          0          0       5531   stm32f1xx_it.o
      2758          0          0          0          0      16403   stm32f1xx_ll_usb.o
         2          0         24          4          0       1091   system_stm32f1xx.o
        84         18          0          0        708        772   usb_device.o
       672         16          0        271          0      12148   usbd_cdc.o
        68         16          0         16       2000       2558   usbd_cdc_if.o
       556         30          0          0       1292      13965   usbd_conf.o
       670          0          0          0          0       9339   usbd_core.o
      1186         28          0          1          0       7832   usbd_ctlreq.o
       288        104          0         78        512       5829   usbd_desc.o
       132          0          0          0          0       4260   usbd_ioreq.o

    ----------------------------------------------------------------------
     22192       1004        296        628       6016     671920   Object Totals
         0          0         32          0          0          0   (incl. Generated)
        38          0          4          6          4          0   (incl. Padding)

    ----------------------------------------------------------------------

      Code (inc. data)   RO Data    RW Data    ZI Data      Debug   Library Member Name

       544         70        152          0          0        124   atan.o
        22          6          0          0          0        136   dunder.o
        40          0          0          0          0         68   fpclassify.o
       170          0          0          0          0         96   poly.o
        76          0          0          0          0         84   sqrt.o
        86          0          0          0          0          0   __dczerorl2.o
         0          0          0          0          0          0   entry.o
         0          0          0          0          0          0   entry10a.o
         0          0          0          0          0          0   entry11a.o
         4          0          0          0          0          0   entry12b.o
         8          4          0          0          0          0   entry2.o
         4          0          0          0          0          0   entry5.o
         0          0          0          0          0          0   entry7b.o
         0          0          0          0          0          0   entry8b.o
         8          4          0          0          0          0   entry9a.o
        12          6          0          4          0         68   errno.o
        30          0          0          0          0          0   handlers.o
        36          8          0          0          0         68   init.o
         0          0          0          0          0          0   iusefp.o
        30          0          0          0          0         68   llshl.o
        36          0          0          0          0         68   llsshr.o
        32          0          0          0          0         68   llushr.o
        36          0          0          0          0         68   memcpya.o
        36          0          0          0          0        108   memseta.o
      2236         86          0          0          0        532   printfa.o
        14          0          0          0          0         68   strlen.o
        44          0          0          0          0         80   uidiv.o
        98          0          0          0          0         92   uldiv.o
        48          0          0          0          0         68   cdcmple.o
        48          0          0          0          0         68   cdrcmple.o
        20          0          0          0          0         68   cfrcmple.o
        56          0          0          0          0         88   d2f.o
       334          0          0          0          0        148   dadd.o
       222          0          0          0          0        100   ddiv.o
       186          0          0          0          0        176   depilogue.o
        48          0          0          0          0         68   dfixul.o
        34          0          0          0          0         76   dflti.o
        26          0          0          0          0         76   dfltui.o
       228          0          0          0          0         96   dmul.o
        46          0          0          0          0         80   dscalb.o
       162          0          0          0          0        100   dsqrt.o
        38          0          0          0          0         68   f2d.o
       176          0          0          0          0        140   fadd.o
       124          0          0          0          0         88   fdiv.o
       110          0          0          0          0        168   fepilogue.o
        10          0          0          0          0         68   ffltui.o
       100          0          0          0          0         76   fmul.o

    ----------------------------------------------------------------------
      5624        184        152          4          0       3616   Library Totals
         6          0          0          0          0          0   (incl. Padding)

    ----------------------------------------------------------------------

      Code (inc. data)   RO Data    RW Data    ZI Data      Debug   Library Name

       852         76        152          0          0        508   m_ws.l
      2750        108          0          4          0       1288   mc_w.l
      2016          0          0          0          0       1820   mf_w.l

    ----------------------------------------------------------------------
      5624        184        152          4          0       3616   Library Totals

    ----------------------------------------------------------------------

==============================================================================


      Code (inc. data)   RO Data    RW Data    ZI Data      Debug   

     27816       1188        448        632       6016     662716   Grand Totals
     27816       1188        448        236       6016     662716   ELF Image Totals (compressed)
     27816       1188        448        236          0          0   ROM Totals

==============================================================================

    Total RO  Size (Code + RO Data)                28264 (  27.60kB)
    Total RW  Size (RW Data + ZI Data)              6648 (   6.49kB)
    Total ROM Size (Code + RO Data + RW Data)      28500 (  27.83kB)

==============================================================================

